Archive member included because of file (symbol)

d:/imt/tools/01- imt sdk-20230713t230121z-001/01- imt sdk/imt_sdk_win_64/winavr/bin/../lib/gcc/avr/4.3.3/avr5\libgcc.a(_udivmodhi4.o)
                              ./App.o (__udivmodhi4)
d:/imt/tools/01- imt sdk-20230713t230121z-001/01- imt sdk/imt_sdk_win_64/winavr/bin/../lib/gcc/avr/4.3.3/avr5\libgcc.a(_exit.o)
                              d:/imt/tools/01- imt sdk-20230713t230121z-001/01- imt sdk/imt_sdk_win_64/winavr/bin/../lib/gcc/avr/4.3.3/../../../../avr/lib/avr5/crtm32.o (exit)
d:/imt/tools/01- imt sdk-20230713t230121z-001/01- imt sdk/imt_sdk_win_64/winavr/bin/../lib/gcc/avr/4.3.3/avr5\libgcc.a(_copy_data.o)
                              ./App.o (__do_copy_data)
d:/imt/tools/01- imt sdk-20230713t230121z-001/01- imt sdk/imt_sdk_win_64/winavr/bin/../lib/gcc/avr/4.3.3/avr5\libgcc.a(_clear_bss.o)
                              ./App.o (__do_clear_bss)
d:/imt/tools/01- imt sdk-20230713t230121z-001/01- imt sdk/imt_sdk_win_64/winavr/bin/../lib/gcc/avr/4.3.3/avr5\libgcc.a(_fixunssfsi.o)
                              ./App.o (__fixunssfsi)
d:/imt/tools/01- imt sdk-20230713t230121z-001/01- imt sdk/imt_sdk_win_64/winavr/bin/../lib/gcc/avr/4.3.3/avr5\libgcc.a(_addsub_sf.o)
                              d:/imt/tools/01- imt sdk-20230713t230121z-001/01- imt sdk/imt_sdk_win_64/winavr/bin/../lib/gcc/avr/4.3.3/avr5\libgcc.a(_fixunssfsi.o) (__subsf3)
d:/imt/tools/01- imt sdk-20230713t230121z-001/01- imt sdk/imt_sdk_win_64/winavr/bin/../lib/gcc/avr/4.3.3/avr5\libgcc.a(_mul_sf.o)
                              ./App.o (__mulsf3)
d:/imt/tools/01- imt sdk-20230713t230121z-001/01- imt sdk/imt_sdk_win_64/winavr/bin/../lib/gcc/avr/4.3.3/avr5\libgcc.a(_gt_sf.o)
                              ./App.o (__gtsf2)
d:/imt/tools/01- imt sdk-20230713t230121z-001/01- imt sdk/imt_sdk_win_64/winavr/bin/../lib/gcc/avr/4.3.3/avr5\libgcc.a(_ge_sf.o)
                              d:/imt/tools/01- imt sdk-20230713t230121z-001/01- imt sdk/imt_sdk_win_64/winavr/bin/../lib/gcc/avr/4.3.3/avr5\libgcc.a(_fixunssfsi.o) (__gesf2)
d:/imt/tools/01- imt sdk-20230713t230121z-001/01- imt sdk/imt_sdk_win_64/winavr/bin/../lib/gcc/avr/4.3.3/avr5\libgcc.a(_lt_sf.o)
                              ./App.o (__ltsf2)
d:/imt/tools/01- imt sdk-20230713t230121z-001/01- imt sdk/imt_sdk_win_64/winavr/bin/../lib/gcc/avr/4.3.3/avr5\libgcc.a(_sf_to_si.o)
                              d:/imt/tools/01- imt sdk-20230713t230121z-001/01- imt sdk/imt_sdk_win_64/winavr/bin/../lib/gcc/avr/4.3.3/avr5\libgcc.a(_fixunssfsi.o) (__fixsfsi)
d:/imt/tools/01- imt sdk-20230713t230121z-001/01- imt sdk/imt_sdk_win_64/winavr/bin/../lib/gcc/avr/4.3.3/avr5\libgcc.a(_thenan_sf.o)
                              d:/imt/tools/01- imt sdk-20230713t230121z-001/01- imt sdk/imt_sdk_win_64/winavr/bin/../lib/gcc/avr/4.3.3/avr5\libgcc.a(_addsub_sf.o) (__thenan_sf)
d:/imt/tools/01- imt sdk-20230713t230121z-001/01- imt sdk/imt_sdk_win_64/winavr/bin/../lib/gcc/avr/4.3.3/avr5\libgcc.a(_prologue.o)
                              d:/imt/tools/01- imt sdk-20230713t230121z-001/01- imt sdk/imt_sdk_win_64/winavr/bin/../lib/gcc/avr/4.3.3/avr5\libgcc.a(_addsub_sf.o) (__prologue_saves__)
d:/imt/tools/01- imt sdk-20230713t230121z-001/01- imt sdk/imt_sdk_win_64/winavr/bin/../lib/gcc/avr/4.3.3/avr5\libgcc.a(_epilogue.o)
                              d:/imt/tools/01- imt sdk-20230713t230121z-001/01- imt sdk/imt_sdk_win_64/winavr/bin/../lib/gcc/avr/4.3.3/avr5\libgcc.a(_addsub_sf.o) (__epilogue_restores__)
d:/imt/tools/01- imt sdk-20230713t230121z-001/01- imt sdk/imt_sdk_win_64/winavr/bin/../lib/gcc/avr/4.3.3/avr5\libgcc.a(_pack_sf.o)
                              d:/imt/tools/01- imt sdk-20230713t230121z-001/01- imt sdk/imt_sdk_win_64/winavr/bin/../lib/gcc/avr/4.3.3/avr5\libgcc.a(_addsub_sf.o) (__pack_f)
d:/imt/tools/01- imt sdk-20230713t230121z-001/01- imt sdk/imt_sdk_win_64/winavr/bin/../lib/gcc/avr/4.3.3/avr5\libgcc.a(_unpack_sf.o)
                              d:/imt/tools/01- imt sdk-20230713t230121z-001/01- imt sdk/imt_sdk_win_64/winavr/bin/../lib/gcc/avr/4.3.3/avr5\libgcc.a(_addsub_sf.o) (__unpack_f)
d:/imt/tools/01- imt sdk-20230713t230121z-001/01- imt sdk/imt_sdk_win_64/winavr/bin/../lib/gcc/avr/4.3.3/avr5\libgcc.a(_fpcmp_parts_sf.o)
                              d:/imt/tools/01- imt sdk-20230713t230121z-001/01- imt sdk/imt_sdk_win_64/winavr/bin/../lib/gcc/avr/4.3.3/avr5\libgcc.a(_gt_sf.o) (__fpcmp_parts_f)

Allocating common symbols
Common symbol       size              file

digit               0x1               ./App.o
SecoundNum          0x4               ./App.o
u16Res              0x2               ./App.o
FirstNum            0x4               ./App.o
u8PresLoc           0x1               ./App.o
Operation           0x1               ./App.o

Memory Configuration

Name             Origin             Length             Attributes
text             0x00000000         0x00020000         xr
data             0x00800060         0x0000ffa0         rw !x
eeprom           0x00810000         0x00010000         rw !x
fuse             0x00820000         0x00000400         rw !x
lock             0x00830000         0x00000400         rw !x
signature        0x00840000         0x00000400         rw !x
*default*        0x00000000         0xffffffff

Linker script and memory map

LOAD d:/imt/tools/01- imt sdk-20230713t230121z-001/01- imt sdk/imt_sdk_win_64/winavr/bin/../lib/gcc/avr/4.3.3/../../../../avr/lib/avr5/crtm32.o
LOAD ./App.o
LOAD ./DIO.o
LOAD ./KEYPAD.o
LOAD ./KEYPAD_cfg.o
LOAD ./LCD.o
LOAD ./LCD_cfg.o
LOAD d:/imt/tools/01- imt sdk-20230713t230121z-001/01- imt sdk/imt_sdk_win_64/winavr/bin/../lib/gcc/avr/4.3.3/avr5\libgcc.a
LOAD d:/imt/tools/01- imt sdk-20230713t230121z-001/01- imt sdk/imt_sdk_win_64/winavr/bin/../lib/gcc/avr/4.3.3/../../../../avr/lib/avr5\libc.a
LOAD d:/imt/tools/01- imt sdk-20230713t230121z-001/01- imt sdk/imt_sdk_win_64/winavr/bin/../lib/gcc/avr/4.3.3/avr5\libgcc.a

.hash
 *(.hash)

.dynsym
 *(.dynsym)

.dynstr
 *(.dynstr)

.gnu.version
 *(.gnu.version)

.gnu.version_d
 *(.gnu.version_d)

.gnu.version_r
 *(.gnu.version_r)

.rel.init
 *(.rel.init)

.rela.init
 *(.rela.init)

.rel.text
 *(.rel.text)
 *(.rel.text.*)
 *(.rel.gnu.linkonce.t*)

.rela.text
 *(.rela.text)
 *(.rela.text.*)
 *(.rela.gnu.linkonce.t*)

.rel.fini
 *(.rel.fini)

.rela.fini
 *(.rela.fini)

.rel.rodata
 *(.rel.rodata)
 *(.rel.rodata.*)
 *(.rel.gnu.linkonce.r*)

.rela.rodata
 *(.rela.rodata)
 *(.rela.rodata.*)
 *(.rela.gnu.linkonce.r*)

.rel.data
 *(.rel.data)
 *(.rel.data.*)
 *(.rel.gnu.linkonce.d*)

.rela.data
 *(.rela.data)
 *(.rela.data.*)
 *(.rela.gnu.linkonce.d*)

.rel.ctors
 *(.rel.ctors)

.rela.ctors
 *(.rela.ctors)

.rel.dtors
 *(.rel.dtors)

.rela.dtors
 *(.rela.dtors)

.rel.got
 *(.rel.got)

.rela.got
 *(.rela.got)

.rel.bss
 *(.rel.bss)

.rela.bss
 *(.rela.bss)

.rel.plt
 *(.rel.plt)

.rela.plt
 *(.rela.plt)

.text           0x00000000     0x3400
 *(.vectors)
 .vectors       0x00000000       0x54 d:/imt/tools/01- imt sdk-20230713t230121z-001/01- imt sdk/imt_sdk_win_64/winavr/bin/../lib/gcc/avr/4.3.3/../../../../avr/lib/avr5/crtm32.o
                0x00000000                __vectors
                0x00000000                __vector_default
 *(.vectors)
 *(.progmem.gcc*)
 *(.progmem*)
                0x00000054                . = ALIGN (0x2)
                0x00000054                __trampolines_start = .
 *(.trampolines)
 .trampolines   0x00000054        0x0 linker stubs
 *(.trampolines*)
                0x00000054                __trampolines_end = .
 *(.jumptables)
 *(.jumptables*)
 *(.lowtext)
 *(.lowtext*)
                0x00000054                __ctors_start = .
 *(.ctors)
                0x00000054                __ctors_end = .
                0x00000054                __dtors_start = .
 *(.dtors)
                0x00000054                __dtors_end = .
 SORT(*)(.ctors)
 SORT(*)(.dtors)
 *(.init0)
 .init0         0x00000054        0x0 d:/imt/tools/01- imt sdk-20230713t230121z-001/01- imt sdk/imt_sdk_win_64/winavr/bin/../lib/gcc/avr/4.3.3/../../../../avr/lib/avr5/crtm32.o
                0x00000054                __init
 *(.init0)
 *(.init1)
 *(.init1)
 *(.init2)
 .init2         0x00000054        0xc d:/imt/tools/01- imt sdk-20230713t230121z-001/01- imt sdk/imt_sdk_win_64/winavr/bin/../lib/gcc/avr/4.3.3/../../../../avr/lib/avr5/crtm32.o
 *(.init2)
 *(.init3)
 *(.init3)
 *(.init4)
 .init4         0x00000060       0x16 d:/imt/tools/01- imt sdk-20230713t230121z-001/01- imt sdk/imt_sdk_win_64/winavr/bin/../lib/gcc/avr/4.3.3/avr5\libgcc.a(_copy_data.o)
                0x00000060                __do_copy_data
 .init4         0x00000076       0x10 d:/imt/tools/01- imt sdk-20230713t230121z-001/01- imt sdk/imt_sdk_win_64/winavr/bin/../lib/gcc/avr/4.3.3/avr5\libgcc.a(_clear_bss.o)
                0x00000076                __do_clear_bss
 *(.init4)
 *(.init5)
 *(.init5)
 *(.init6)
 *(.init6)
 *(.init7)
 *(.init7)
 *(.init8)
 *(.init8)
 *(.init9)
 .init9         0x00000086        0x8 d:/imt/tools/01- imt sdk-20230713t230121z-001/01- imt sdk/imt_sdk_win_64/winavr/bin/../lib/gcc/avr/4.3.3/../../../../avr/lib/avr5/crtm32.o
 *(.init9)
 *(.text)
 .text          0x0000008e        0x4 d:/imt/tools/01- imt sdk-20230713t230121z-001/01- imt sdk/imt_sdk_win_64/winavr/bin/../lib/gcc/avr/4.3.3/../../../../avr/lib/avr5/crtm32.o
                0x0000008e                __vector_1
                0x0000008e                __vector_12
                0x0000008e                __bad_interrupt
                0x0000008e                __vector_6
                0x0000008e                __vector_3
                0x0000008e                __vector_11
                0x0000008e                __vector_13
                0x0000008e                __vector_17
                0x0000008e                __vector_19
                0x0000008e                __vector_7
                0x0000008e                __vector_5
                0x0000008e                __vector_4
                0x0000008e                __vector_9
                0x0000008e                __vector_2
                0x0000008e                __vector_15
                0x0000008e                __vector_8
                0x0000008e                __vector_14
                0x0000008e                __vector_10
                0x0000008e                __vector_16
                0x0000008e                __vector_18
                0x0000008e                __vector_20
 .text          0x00000092        0x0 ./App.o
 .text          0x00000092        0x0 ./DIO.o
 .text          0x00000092        0x0 ./KEYPAD.o
 .text          0x00000092        0x0 ./KEYPAD_cfg.o
 .text          0x00000092        0x0 ./LCD.o
 .text          0x00000092        0x0 ./LCD_cfg.o
 .text          0x00000092        0x0 d:/imt/tools/01- imt sdk-20230713t230121z-001/01- imt sdk/imt_sdk_win_64/winavr/bin/../lib/gcc/avr/4.3.3/avr5\libgcc.a(_udivmodhi4.o)
 .text          0x00000092        0x0 d:/imt/tools/01- imt sdk-20230713t230121z-001/01- imt sdk/imt_sdk_win_64/winavr/bin/../lib/gcc/avr/4.3.3/avr5\libgcc.a(_exit.o)
 .text          0x00000092        0x0 d:/imt/tools/01- imt sdk-20230713t230121z-001/01- imt sdk/imt_sdk_win_64/winavr/bin/../lib/gcc/avr/4.3.3/avr5\libgcc.a(_copy_data.o)
 .text          0x00000092        0x0 d:/imt/tools/01- imt sdk-20230713t230121z-001/01- imt sdk/imt_sdk_win_64/winavr/bin/../lib/gcc/avr/4.3.3/avr5\libgcc.a(_clear_bss.o)
 .text          0x00000092       0x58 d:/imt/tools/01- imt sdk-20230713t230121z-001/01- imt sdk/imt_sdk_win_64/winavr/bin/../lib/gcc/avr/4.3.3/avr5\libgcc.a(_fixunssfsi.o)
                0x00000092                __fixunssfsi
 .text          0x000000ea      0x354 d:/imt/tools/01- imt sdk-20230713t230121z-001/01- imt sdk/imt_sdk_win_64/winavr/bin/../lib/gcc/avr/4.3.3/avr5\libgcc.a(_addsub_sf.o)
                0x00000382                __subsf3
                0x000003e4                __addsf3
 .text          0x0000043e      0x1f4 d:/imt/tools/01- imt sdk-20230713t230121z-001/01- imt sdk/imt_sdk_win_64/winavr/bin/../lib/gcc/avr/4.3.3/avr5\libgcc.a(_mul_sf.o)
                0x0000043e                __mulsf3
 .text          0x00000632       0x60 d:/imt/tools/01- imt sdk-20230713t230121z-001/01- imt sdk/imt_sdk_win_64/winavr/bin/../lib/gcc/avr/4.3.3/avr5\libgcc.a(_gt_sf.o)
                0x00000632                __gtsf2
 .text          0x00000692       0x60 d:/imt/tools/01- imt sdk-20230713t230121z-001/01- imt sdk/imt_sdk_win_64/winavr/bin/../lib/gcc/avr/4.3.3/avr5\libgcc.a(_ge_sf.o)
                0x00000692                __gesf2
 .text          0x000006f2       0x60 d:/imt/tools/01- imt sdk-20230713t230121z-001/01- imt sdk/imt_sdk_win_64/winavr/bin/../lib/gcc/avr/4.3.3/avr5\libgcc.a(_lt_sf.o)
                0x000006f2                __ltsf2
 .text          0x00000752       0xa8 d:/imt/tools/01- imt sdk-20230713t230121z-001/01- imt sdk/imt_sdk_win_64/winavr/bin/../lib/gcc/avr/4.3.3/avr5\libgcc.a(_sf_to_si.o)
                0x00000752                __fixsfsi
 .text          0x000007fa        0x0 d:/imt/tools/01- imt sdk-20230713t230121z-001/01- imt sdk/imt_sdk_win_64/winavr/bin/../lib/gcc/avr/4.3.3/avr5\libgcc.a(_thenan_sf.o)
 .text          0x000007fa        0x0 d:/imt/tools/01- imt sdk-20230713t230121z-001/01- imt sdk/imt_sdk_win_64/winavr/bin/../lib/gcc/avr/4.3.3/avr5\libgcc.a(_prologue.o)
 .text          0x000007fa        0x0 d:/imt/tools/01- imt sdk-20230713t230121z-001/01- imt sdk/imt_sdk_win_64/winavr/bin/../lib/gcc/avr/4.3.3/avr5\libgcc.a(_epilogue.o)
 .text          0x000007fa      0x1aa d:/imt/tools/01- imt sdk-20230713t230121z-001/01- imt sdk/imt_sdk_win_64/winavr/bin/../lib/gcc/avr/4.3.3/avr5\libgcc.a(_pack_sf.o)
                0x000007fa                __pack_f
 .text          0x000009a4       0xf0 d:/imt/tools/01- imt sdk-20230713t230121z-001/01- imt sdk/imt_sdk_win_64/winavr/bin/../lib/gcc/avr/4.3.3/avr5\libgcc.a(_unpack_sf.o)
                0x000009a4                __unpack_f
 .text          0x00000a94       0xb2 d:/imt/tools/01- imt sdk-20230713t230121z-001/01- imt sdk/imt_sdk_win_64/winavr/bin/../lib/gcc/avr/4.3.3/avr5\libgcc.a(_fpcmp_parts_sf.o)
                0x00000a94                __fpcmp_parts_f
                0x00000b46                . = ALIGN (0x2)
 *(.text.*)
 .text.main     0x00000b46      0x3d4 ./App.o
                0x00000b46                main
 .text.DoOperation
                0x00000f1a      0x196 ./App.o
                0x00000f1a                DoOperation
 .text.NumOfDigit
                0x000010b0       0x44 ./App.o
                0x000010b0                NumOfDigit
 .text.ConvertIntToChar
                0x000010f4       0xa0 ./App.o
                0x000010f4                ConvertIntToChar
 .text.PrintNum
                0x00001194       0x66 ./App.o
                0x00001194                PrintNum
 .text.DIO_vidInit
                0x000011fa       0x2e ./DIO.o
                0x000011fa                DIO_vidInit
 .text.DIO_enuSetPinDir
                0x00001228      0x1b4 ./DIO.o
                0x00001228                DIO_enuSetPinDir
 .text.DIO_enuSetPinValue
                0x000013dc      0x1c6 ./DIO.o
                0x000013dc                DIO_enuSetPinValue
 .text.DIO_enuReadPinValue
                0x000015a2       0xfa ./DIO.o
                0x000015a2                DIO_enuReadPinValue
 .text.DIO_enuSetPinPullUp
                0x0000169c       0x20 ./DIO.o
                0x0000169c                DIO_enuSetPinPullUp
 .text.KEYPAD_vidInit
                0x000016bc       0x88 ./KEYPAD.o
                0x000016bc                KEYPAD_vidInit
 .text.KEYPAD_enuGetPressedKey
                0x00001744      0x28c ./KEYPAD.o
                0x00001744                KEYPAD_enuGetPressedKey
 .text.PutSequence
                0x000019d0       0xbe ./KEYPAD.o
 .text.ReadSequence
                0x00001a8e       0xe4 ./KEYPAD.o
 .text.RepValue
                0x00001b72       0xdc ./KEYPAD.o
 .text.LCD_vidInit
                0x00001c4e     0x10f0 ./LCD.o
                0x00001c4e                LCD_vidInit
 .text.LCD_vidSendCmd
                0x00002d3e       0x46 ./LCD.o
                0x00002d3e                LCD_vidSendCmd
 .text.LCD_vidWriteData
                0x00002d84       0x46 ./LCD.o
                0x00002d84                LCD_vidWriteData
 .text.LCD_vidWriteDecimal
                0x00002dca       0xce ./LCD.o
                0x00002dca                LCD_vidWriteDecimal
 .text.LCD_vidWriteString
                0x00002e98       0x5c ./LCD.o
                0x00002e98                LCD_vidWriteString
 .text.PutOnBus
                0x00002ef4      0x412 ./LCD.o
 .text.Pow      0x00003306       0x60 ./LCD.o
                0x00003306                Pow
 .text.libgcc   0x00003366       0x28 d:/imt/tools/01- imt sdk-20230713t230121z-001/01- imt sdk/imt_sdk_win_64/winavr/bin/../lib/gcc/avr/4.3.3/avr5\libgcc.a(_udivmodhi4.o)
                0x00003366                __udivmodhi4
 .text.libgcc   0x0000338e        0x0 d:/imt/tools/01- imt sdk-20230713t230121z-001/01- imt sdk/imt_sdk_win_64/winavr/bin/../lib/gcc/avr/4.3.3/avr5\libgcc.a(_exit.o)
 .text.libgcc   0x0000338e        0x0 d:/imt/tools/01- imt sdk-20230713t230121z-001/01- imt sdk/imt_sdk_win_64/winavr/bin/../lib/gcc/avr/4.3.3/avr5\libgcc.a(_copy_data.o)
 .text.libgcc   0x0000338e        0x0 d:/imt/tools/01- imt sdk-20230713t230121z-001/01- imt sdk/imt_sdk_win_64/winavr/bin/../lib/gcc/avr/4.3.3/avr5\libgcc.a(_clear_bss.o)
 .text.libgcc   0x0000338e       0x38 d:/imt/tools/01- imt sdk-20230713t230121z-001/01- imt sdk/imt_sdk_win_64/winavr/bin/../lib/gcc/avr/4.3.3/avr5\libgcc.a(_prologue.o)
                0x0000338e                __prologue_saves__
 .text.libgcc   0x000033c6       0x36 d:/imt/tools/01- imt sdk-20230713t230121z-001/01- imt sdk/imt_sdk_win_64/winavr/bin/../lib/gcc/avr/4.3.3/avr5\libgcc.a(_epilogue.o)
                0x000033c6                __epilogue_restores__
                0x000033fc                . = ALIGN (0x2)
 *(.fini9)
 .fini9         0x000033fc        0x0 d:/imt/tools/01- imt sdk-20230713t230121z-001/01- imt sdk/imt_sdk_win_64/winavr/bin/../lib/gcc/avr/4.3.3/avr5\libgcc.a(_exit.o)
                0x000033fc                exit
                0x000033fc                _exit
 *(.fini9)
 *(.fini8)
 *(.fini8)
 *(.fini7)
 *(.fini7)
 *(.fini6)
 *(.fini6)
 *(.fini5)
 *(.fini5)
 *(.fini4)
 *(.fini4)
 *(.fini3)
 *(.fini3)
 *(.fini2)
 *(.fini2)
 *(.fini1)
 *(.fini1)
 *(.fini0)
 .fini0         0x000033fc        0x4 d:/imt/tools/01- imt sdk-20230713t230121z-001/01- imt sdk/imt_sdk_win_64/winavr/bin/../lib/gcc/avr/4.3.3/avr5\libgcc.a(_exit.o)
 *(.fini0)
                0x00003400                _etext = .

.data           0x00800060       0x36 load address 0x00003400
                0x00800060                PROVIDE (__data_start, .)
 *(.data)
 .data          0x00800060        0x0 d:/imt/tools/01- imt sdk-20230713t230121z-001/01- imt sdk/imt_sdk_win_64/winavr/bin/../lib/gcc/avr/4.3.3/../../../../avr/lib/avr5/crtm32.o
 .data          0x00800060        0x8 ./App.o
 .data          0x00800068        0x0 ./DIO.o
 .data          0x00800068        0x0 ./KEYPAD.o
 .data          0x00800068        0x0 ./KEYPAD_cfg.o
 .data          0x00800068        0x0 ./LCD.o
 .data          0x00800068        0x0 ./LCD_cfg.o
 .data          0x00800068        0x0 d:/imt/tools/01- imt sdk-20230713t230121z-001/01- imt sdk/imt_sdk_win_64/winavr/bin/../lib/gcc/avr/4.3.3/avr5\libgcc.a(_udivmodhi4.o)
 .data          0x00800068        0x0 d:/imt/tools/01- imt sdk-20230713t230121z-001/01- imt sdk/imt_sdk_win_64/winavr/bin/../lib/gcc/avr/4.3.3/avr5\libgcc.a(_exit.o)
 .data          0x00800068        0x0 d:/imt/tools/01- imt sdk-20230713t230121z-001/01- imt sdk/imt_sdk_win_64/winavr/bin/../lib/gcc/avr/4.3.3/avr5\libgcc.a(_copy_data.o)
 .data          0x00800068        0x0 d:/imt/tools/01- imt sdk-20230713t230121z-001/01- imt sdk/imt_sdk_win_64/winavr/bin/../lib/gcc/avr/4.3.3/avr5\libgcc.a(_clear_bss.o)
 .data          0x00800068        0x0 d:/imt/tools/01- imt sdk-20230713t230121z-001/01- imt sdk/imt_sdk_win_64/winavr/bin/../lib/gcc/avr/4.3.3/avr5\libgcc.a(_fixunssfsi.o)
 .data          0x00800068        0x0 d:/imt/tools/01- imt sdk-20230713t230121z-001/01- imt sdk/imt_sdk_win_64/winavr/bin/../lib/gcc/avr/4.3.3/avr5\libgcc.a(_addsub_sf.o)
 .data          0x00800068        0x0 d:/imt/tools/01- imt sdk-20230713t230121z-001/01- imt sdk/imt_sdk_win_64/winavr/bin/../lib/gcc/avr/4.3.3/avr5\libgcc.a(_mul_sf.o)
 .data          0x00800068        0x0 d:/imt/tools/01- imt sdk-20230713t230121z-001/01- imt sdk/imt_sdk_win_64/winavr/bin/../lib/gcc/avr/4.3.3/avr5\libgcc.a(_gt_sf.o)
 .data          0x00800068        0x0 d:/imt/tools/01- imt sdk-20230713t230121z-001/01- imt sdk/imt_sdk_win_64/winavr/bin/../lib/gcc/avr/4.3.3/avr5\libgcc.a(_ge_sf.o)
 .data          0x00800068        0x0 d:/imt/tools/01- imt sdk-20230713t230121z-001/01- imt sdk/imt_sdk_win_64/winavr/bin/../lib/gcc/avr/4.3.3/avr5\libgcc.a(_lt_sf.o)
 .data          0x00800068        0x0 d:/imt/tools/01- imt sdk-20230713t230121z-001/01- imt sdk/imt_sdk_win_64/winavr/bin/../lib/gcc/avr/4.3.3/avr5\libgcc.a(_sf_to_si.o)
 .data          0x00800068        0x8 d:/imt/tools/01- imt sdk-20230713t230121z-001/01- imt sdk/imt_sdk_win_64/winavr/bin/../lib/gcc/avr/4.3.3/avr5\libgcc.a(_thenan_sf.o)
                0x00800068                __thenan_sf
 .data          0x00800070        0x0 d:/imt/tools/01- imt sdk-20230713t230121z-001/01- imt sdk/imt_sdk_win_64/winavr/bin/../lib/gcc/avr/4.3.3/avr5\libgcc.a(_prologue.o)
 .data          0x00800070        0x0 d:/imt/tools/01- imt sdk-20230713t230121z-001/01- imt sdk/imt_sdk_win_64/winavr/bin/../lib/gcc/avr/4.3.3/avr5\libgcc.a(_epilogue.o)
 .data          0x00800070        0x0 d:/imt/tools/01- imt sdk-20230713t230121z-001/01- imt sdk/imt_sdk_win_64/winavr/bin/../lib/gcc/avr/4.3.3/avr5\libgcc.a(_pack_sf.o)
 .data          0x00800070        0x0 d:/imt/tools/01- imt sdk-20230713t230121z-001/01- imt sdk/imt_sdk_win_64/winavr/bin/../lib/gcc/avr/4.3.3/avr5\libgcc.a(_unpack_sf.o)
 .data          0x00800070        0x0 d:/imt/tools/01- imt sdk-20230713t230121z-001/01- imt sdk/imt_sdk_win_64/winavr/bin/../lib/gcc/avr/4.3.3/avr5\libgcc.a(_fpcmp_parts_sf.o)
 *(.data*)
 .data.KEYPAD_astrCfg
                0x00800070       0x1a ./KEYPAD_cfg.o
                0x00800070                KEYPAD_astrCfg
 .data.LCD_astrCfg
                0x0080008a        0xc ./LCD_cfg.o
                0x0080008a                LCD_astrCfg
 *(.rodata)
 *(.rodata*)
 *(.gnu.linkonce.d*)
                0x00800096                . = ALIGN (0x2)
                0x00800096                _edata = .
                0x00800096                PROVIDE (__data_end, .)

.bss            0x00800096       0x11
                0x00800096                PROVIDE (__bss_start, .)
 *(.bss)
 .bss           0x00800096        0x0 d:/imt/tools/01- imt sdk-20230713t230121z-001/01- imt sdk/imt_sdk_win_64/winavr/bin/../lib/gcc/avr/4.3.3/../../../../avr/lib/avr5/crtm32.o
 .bss           0x00800096        0x0 ./App.o
 .bss           0x00800096        0x0 ./DIO.o
 .bss           0x00800096        0x0 ./KEYPAD.o
 .bss           0x00800096        0x0 ./KEYPAD_cfg.o
 .bss           0x00800096        0x0 ./LCD.o
 .bss           0x00800096        0x0 ./LCD_cfg.o
 .bss           0x00800096        0x0 d:/imt/tools/01- imt sdk-20230713t230121z-001/01- imt sdk/imt_sdk_win_64/winavr/bin/../lib/gcc/avr/4.3.3/avr5\libgcc.a(_udivmodhi4.o)
 .bss           0x00800096        0x0 d:/imt/tools/01- imt sdk-20230713t230121z-001/01- imt sdk/imt_sdk_win_64/winavr/bin/../lib/gcc/avr/4.3.3/avr5\libgcc.a(_exit.o)
 .bss           0x00800096        0x0 d:/imt/tools/01- imt sdk-20230713t230121z-001/01- imt sdk/imt_sdk_win_64/winavr/bin/../lib/gcc/avr/4.3.3/avr5\libgcc.a(_copy_data.o)
 .bss           0x00800096        0x0 d:/imt/tools/01- imt sdk-20230713t230121z-001/01- imt sdk/imt_sdk_win_64/winavr/bin/../lib/gcc/avr/4.3.3/avr5\libgcc.a(_clear_bss.o)
 .bss           0x00800096        0x0 d:/imt/tools/01- imt sdk-20230713t230121z-001/01- imt sdk/imt_sdk_win_64/winavr/bin/../lib/gcc/avr/4.3.3/avr5\libgcc.a(_fixunssfsi.o)
 .bss           0x00800096        0x0 d:/imt/tools/01- imt sdk-20230713t230121z-001/01- imt sdk/imt_sdk_win_64/winavr/bin/../lib/gcc/avr/4.3.3/avr5\libgcc.a(_addsub_sf.o)
 .bss           0x00800096        0x0 d:/imt/tools/01- imt sdk-20230713t230121z-001/01- imt sdk/imt_sdk_win_64/winavr/bin/../lib/gcc/avr/4.3.3/avr5\libgcc.a(_mul_sf.o)
 .bss           0x00800096        0x0 d:/imt/tools/01- imt sdk-20230713t230121z-001/01- imt sdk/imt_sdk_win_64/winavr/bin/../lib/gcc/avr/4.3.3/avr5\libgcc.a(_gt_sf.o)
 .bss           0x00800096        0x0 d:/imt/tools/01- imt sdk-20230713t230121z-001/01- imt sdk/imt_sdk_win_64/winavr/bin/../lib/gcc/avr/4.3.3/avr5\libgcc.a(_ge_sf.o)
 .bss           0x00800096        0x0 d:/imt/tools/01- imt sdk-20230713t230121z-001/01- imt sdk/imt_sdk_win_64/winavr/bin/../lib/gcc/avr/4.3.3/avr5\libgcc.a(_lt_sf.o)
 .bss           0x00800096        0x0 d:/imt/tools/01- imt sdk-20230713t230121z-001/01- imt sdk/imt_sdk_win_64/winavr/bin/../lib/gcc/avr/4.3.3/avr5\libgcc.a(_sf_to_si.o)
 .bss           0x00800096        0x0 d:/imt/tools/01- imt sdk-20230713t230121z-001/01- imt sdk/imt_sdk_win_64/winavr/bin/../lib/gcc/avr/4.3.3/avr5\libgcc.a(_thenan_sf.o)
 .bss           0x00800096        0x0 d:/imt/tools/01- imt sdk-20230713t230121z-001/01- imt sdk/imt_sdk_win_64/winavr/bin/../lib/gcc/avr/4.3.3/avr5\libgcc.a(_prologue.o)
 .bss           0x00800096        0x0 d:/imt/tools/01- imt sdk-20230713t230121z-001/01- imt sdk/imt_sdk_win_64/winavr/bin/../lib/gcc/avr/4.3.3/avr5\libgcc.a(_epilogue.o)
 .bss           0x00800096        0x0 d:/imt/tools/01- imt sdk-20230713t230121z-001/01- imt sdk/imt_sdk_win_64/winavr/bin/../lib/gcc/avr/4.3.3/avr5\libgcc.a(_pack_sf.o)
 .bss           0x00800096        0x0 d:/imt/tools/01- imt sdk-20230713t230121z-001/01- imt sdk/imt_sdk_win_64/winavr/bin/../lib/gcc/avr/4.3.3/avr5\libgcc.a(_unpack_sf.o)
 .bss           0x00800096        0x0 d:/imt/tools/01- imt sdk-20230713t230121z-001/01- imt sdk/imt_sdk_win_64/winavr/bin/../lib/gcc/avr/4.3.3/avr5\libgcc.a(_fpcmp_parts_sf.o)
 *(.bss*)
 .bss.DigCount  0x00800096        0x1 ./App.o
                0x00800096                DigCount
 .bss.count     0x00800097        0x1 ./App.o
                0x00800097                count
 .bss.count_1   0x00800098        0x1 ./App.o
                0x00800098                count_1
 .bss.InitFinshed
                0x00800099        0x1 ./LCD.o
 *(COMMON)
 COMMON         0x0080009a        0xd ./App.o
                0x0080009a                digit
                0x0080009b                SecoundNum
                0x0080009f                u16Res
                0x008000a1                FirstNum
                0x008000a5                u8PresLoc
                0x008000a6                Operation
                0x008000a7                PROVIDE (__bss_end, .)
                0x00003400                __data_load_start = LOADADDR (.data)
                0x00003436                __data_load_end = (__data_load_start + SIZEOF (.data))

.noinit         0x008000a7        0x0
                0x008000a7                PROVIDE (__noinit_start, .)
 *(.noinit*)
                0x008000a7                PROVIDE (__noinit_end, .)
                0x008000a7                _end = .
                0x008000a7                PROVIDE (__heap_start, .)

.eeprom         0x00810000        0x0
 *(.eeprom*)
                0x00810000                __eeprom_end = .

.fuse
 *(.fuse)
 *(.lfuse)
 *(.hfuse)
 *(.efuse)

.lock
 *(.lock*)

.signature
 *(.signature*)

.stab
 *(.stab)

.stabstr
 *(.stabstr)

.stab.excl
 *(.stab.excl)

.stab.exclstr
 *(.stab.exclstr)

.stab.index
 *(.stab.index)

.stab.indexstr
 *(.stab.indexstr)

.comment
 *(.comment)

.debug
 *(.debug)

.line
 *(.line)

.debug_srcinfo
 *(.debug_srcinfo)

.debug_sfnames
 *(.debug_sfnames)

.debug_aranges  0x00000000      0x250
 *(.debug_aranges)
 .debug_aranges
                0x00000000       0x40 ./App.o
 .debug_aranges
                0x00000040       0x40 ./DIO.o
 .debug_aranges
                0x00000080       0x40 ./KEYPAD.o
 .debug_aranges
                0x000000c0       0x50 ./LCD.o
 .debug_aranges
                0x00000110       0x20 d:/imt/tools/01- imt sdk-20230713t230121z-001/01- imt sdk/imt_sdk_win_64/winavr/bin/../lib/gcc/avr/4.3.3/avr5\libgcc.a(_fixunssfsi.o)
 .debug_aranges
                0x00000130       0x20 d:/imt/tools/01- imt sdk-20230713t230121z-001/01- imt sdk/imt_sdk_win_64/winavr/bin/../lib/gcc/avr/4.3.3/avr5\libgcc.a(_addsub_sf.o)
 .debug_aranges
                0x00000150       0x20 d:/imt/tools/01- imt sdk-20230713t230121z-001/01- imt sdk/imt_sdk_win_64/winavr/bin/../lib/gcc/avr/4.3.3/avr5\libgcc.a(_mul_sf.o)
 .debug_aranges
                0x00000170       0x20 d:/imt/tools/01- imt sdk-20230713t230121z-001/01- imt sdk/imt_sdk_win_64/winavr/bin/../lib/gcc/avr/4.3.3/avr5\libgcc.a(_gt_sf.o)
 .debug_aranges
                0x00000190       0x20 d:/imt/tools/01- imt sdk-20230713t230121z-001/01- imt sdk/imt_sdk_win_64/winavr/bin/../lib/gcc/avr/4.3.3/avr5\libgcc.a(_ge_sf.o)
 .debug_aranges
                0x000001b0       0x20 d:/imt/tools/01- imt sdk-20230713t230121z-001/01- imt sdk/imt_sdk_win_64/winavr/bin/../lib/gcc/avr/4.3.3/avr5\libgcc.a(_lt_sf.o)
 .debug_aranges
                0x000001d0       0x20 d:/imt/tools/01- imt sdk-20230713t230121z-001/01- imt sdk/imt_sdk_win_64/winavr/bin/../lib/gcc/avr/4.3.3/avr5\libgcc.a(_sf_to_si.o)
 .debug_aranges
                0x000001f0       0x20 d:/imt/tools/01- imt sdk-20230713t230121z-001/01- imt sdk/imt_sdk_win_64/winavr/bin/../lib/gcc/avr/4.3.3/avr5\libgcc.a(_pack_sf.o)
 .debug_aranges
                0x00000210       0x20 d:/imt/tools/01- imt sdk-20230713t230121z-001/01- imt sdk/imt_sdk_win_64/winavr/bin/../lib/gcc/avr/4.3.3/avr5\libgcc.a(_unpack_sf.o)
 .debug_aranges
                0x00000230       0x20 d:/imt/tools/01- imt sdk-20230713t230121z-001/01- imt sdk/imt_sdk_win_64/winavr/bin/../lib/gcc/avr/4.3.3/avr5\libgcc.a(_fpcmp_parts_sf.o)

.debug_pubnames
                0x00000000      0x3c3
 *(.debug_pubnames)
 .debug_pubnames
                0x00000000       0xcc ./App.o
 .debug_pubnames
                0x000000cc       0x7e ./DIO.o
 .debug_pubnames
                0x0000014a       0x41 ./KEYPAD.o
 .debug_pubnames
                0x0000018b       0x25 ./KEYPAD_cfg.o
 .debug_pubnames
                0x000001b0       0x81 ./LCD.o
 .debug_pubnames
                0x00000231       0x22 ./LCD_cfg.o
 .debug_pubnames
                0x00000253       0x23 d:/imt/tools/01- imt sdk-20230713t230121z-001/01- imt sdk/imt_sdk_win_64/winavr/bin/../lib/gcc/avr/4.3.3/avr5\libgcc.a(_fixunssfsi.o)
 .debug_pubnames
                0x00000276       0x2c d:/imt/tools/01- imt sdk-20230713t230121z-001/01- imt sdk/imt_sdk_win_64/winavr/bin/../lib/gcc/avr/4.3.3/avr5\libgcc.a(_addsub_sf.o)
 .debug_pubnames
                0x000002a2       0x1f d:/imt/tools/01- imt sdk-20230713t230121z-001/01- imt sdk/imt_sdk_win_64/winavr/bin/../lib/gcc/avr/4.3.3/avr5\libgcc.a(_mul_sf.o)
 .debug_pubnames
                0x000002c1       0x1e d:/imt/tools/01- imt sdk-20230713t230121z-001/01- imt sdk/imt_sdk_win_64/winavr/bin/../lib/gcc/avr/4.3.3/avr5\libgcc.a(_gt_sf.o)
 .debug_pubnames
                0x000002df       0x1e d:/imt/tools/01- imt sdk-20230713t230121z-001/01- imt sdk/imt_sdk_win_64/winavr/bin/../lib/gcc/avr/4.3.3/avr5\libgcc.a(_ge_sf.o)
 .debug_pubnames
                0x000002fd       0x1e d:/imt/tools/01- imt sdk-20230713t230121z-001/01- imt sdk/imt_sdk_win_64/winavr/bin/../lib/gcc/avr/4.3.3/avr5\libgcc.a(_lt_sf.o)
 .debug_pubnames
                0x0000031b       0x20 d:/imt/tools/01- imt sdk-20230713t230121z-001/01- imt sdk/imt_sdk_win_64/winavr/bin/../lib/gcc/avr/4.3.3/avr5\libgcc.a(_sf_to_si.o)
 .debug_pubnames
                0x0000033b       0x22 d:/imt/tools/01- imt sdk-20230713t230121z-001/01- imt sdk/imt_sdk_win_64/winavr/bin/../lib/gcc/avr/4.3.3/avr5\libgcc.a(_thenan_sf.o)
 .debug_pubnames
                0x0000035d       0x1f d:/imt/tools/01- imt sdk-20230713t230121z-001/01- imt sdk/imt_sdk_win_64/winavr/bin/../lib/gcc/avr/4.3.3/avr5\libgcc.a(_pack_sf.o)
 .debug_pubnames
                0x0000037c       0x21 d:/imt/tools/01- imt sdk-20230713t230121z-001/01- imt sdk/imt_sdk_win_64/winavr/bin/../lib/gcc/avr/4.3.3/avr5\libgcc.a(_unpack_sf.o)
 .debug_pubnames
                0x0000039d       0x26 d:/imt/tools/01- imt sdk-20230713t230121z-001/01- imt sdk/imt_sdk_win_64/winavr/bin/../lib/gcc/avr/4.3.3/avr5\libgcc.a(_fpcmp_parts_sf.o)

.debug_info     0x00000000     0x3070
 *(.debug_info)
 .debug_info    0x00000000      0x3c8 ./App.o
 .debug_info    0x000003c8      0x1c1 ./DIO.o
 .debug_info    0x00000589      0x3ef ./KEYPAD.o
 .debug_info    0x00000978      0x112 ./KEYPAD_cfg.o
 .debug_info    0x00000a8a      0x7e3 ./LCD.o
 .debug_info    0x0000126d      0x1ba ./LCD_cfg.o
 .debug_info    0x00001427       0xb1 d:/imt/tools/01- imt sdk-20230713t230121z-001/01- imt sdk/imt_sdk_win_64/winavr/bin/../lib/gcc/avr/4.3.3/avr5\libgcc.a(_fixunssfsi.o)
 .debug_info    0x000014d8      0x47a d:/imt/tools/01- imt sdk-20230713t230121z-001/01- imt sdk/imt_sdk_win_64/winavr/bin/../lib/gcc/avr/4.3.3/avr5\libgcc.a(_addsub_sf.o)
 .debug_info    0x00001952      0x485 d:/imt/tools/01- imt sdk-20230713t230121z-001/01- imt sdk/imt_sdk_win_64/winavr/bin/../lib/gcc/avr/4.3.3/avr5\libgcc.a(_mul_sf.o)
 .debug_info    0x00001dd7      0x27f d:/imt/tools/01- imt sdk-20230713t230121z-001/01- imt sdk/imt_sdk_win_64/winavr/bin/../lib/gcc/avr/4.3.3/avr5\libgcc.a(_gt_sf.o)
 .debug_info    0x00002056      0x27f d:/imt/tools/01- imt sdk-20230713t230121z-001/01- imt sdk/imt_sdk_win_64/winavr/bin/../lib/gcc/avr/4.3.3/avr5\libgcc.a(_ge_sf.o)
 .debug_info    0x000022d5      0x27f d:/imt/tools/01- imt sdk-20230713t230121z-001/01- imt sdk/imt_sdk_win_64/winavr/bin/../lib/gcc/avr/4.3.3/avr5\libgcc.a(_lt_sf.o)
 .debug_info    0x00002554      0x2b0 d:/imt/tools/01- imt sdk-20230713t230121z-001/01- imt sdk/imt_sdk_win_64/winavr/bin/../lib/gcc/avr/4.3.3/avr5\libgcc.a(_sf_to_si.o)
 .debug_info    0x00002804      0x12c d:/imt/tools/01- imt sdk-20230713t230121z-001/01- imt sdk/imt_sdk_win_64/winavr/bin/../lib/gcc/avr/4.3.3/avr5\libgcc.a(_thenan_sf.o)
 .debug_info    0x00002930      0x2df d:/imt/tools/01- imt sdk-20230713t230121z-001/01- imt sdk/imt_sdk_win_64/winavr/bin/../lib/gcc/avr/4.3.3/avr5\libgcc.a(_pack_sf.o)
 .debug_info    0x00002c0f      0x251 d:/imt/tools/01- imt sdk-20230713t230121z-001/01- imt sdk/imt_sdk_win_64/winavr/bin/../lib/gcc/avr/4.3.3/avr5\libgcc.a(_unpack_sf.o)
 .debug_info    0x00002e60      0x210 d:/imt/tools/01- imt sdk-20230713t230121z-001/01- imt sdk/imt_sdk_win_64/winavr/bin/../lib/gcc/avr/4.3.3/avr5\libgcc.a(_fpcmp_parts_sf.o)
 *(.gnu.linkonce.wi.*)

.debug_abbrev   0x00000000     0x14e4
 *(.debug_abbrev)
 .debug_abbrev  0x00000000      0x14e ./App.o
 .debug_abbrev  0x0000014e       0xb2 ./DIO.o
 .debug_abbrev  0x00000200      0x188 ./KEYPAD.o
 .debug_abbrev  0x00000388       0x76 ./KEYPAD_cfg.o
 .debug_abbrev  0x000003fe      0x170 ./LCD.o
 .debug_abbrev  0x0000056e       0x8b ./LCD_cfg.o
 .debug_abbrev  0x000005f9       0x5d d:/imt/tools/01- imt sdk-20230713t230121z-001/01- imt sdk/imt_sdk_win_64/winavr/bin/../lib/gcc/avr/4.3.3/avr5\libgcc.a(_fixunssfsi.o)
 .debug_abbrev  0x00000656      0x1ea d:/imt/tools/01- imt sdk-20230713t230121z-001/01- imt sdk/imt_sdk_win_64/winavr/bin/../lib/gcc/avr/4.3.3/avr5\libgcc.a(_addsub_sf.o)
 .debug_abbrev  0x00000840      0x21b d:/imt/tools/01- imt sdk-20230713t230121z-001/01- imt sdk/imt_sdk_win_64/winavr/bin/../lib/gcc/avr/4.3.3/avr5\libgcc.a(_mul_sf.o)
 .debug_abbrev  0x00000a5b      0x15a d:/imt/tools/01- imt sdk-20230713t230121z-001/01- imt sdk/imt_sdk_win_64/winavr/bin/../lib/gcc/avr/4.3.3/avr5\libgcc.a(_gt_sf.o)
 .debug_abbrev  0x00000bb5      0x15a d:/imt/tools/01- imt sdk-20230713t230121z-001/01- imt sdk/imt_sdk_win_64/winavr/bin/../lib/gcc/avr/4.3.3/avr5\libgcc.a(_ge_sf.o)
 .debug_abbrev  0x00000d0f      0x15a d:/imt/tools/01- imt sdk-20230713t230121z-001/01- imt sdk/imt_sdk_win_64/winavr/bin/../lib/gcc/avr/4.3.3/avr5\libgcc.a(_lt_sf.o)
 .debug_abbrev  0x00000e69      0x17f d:/imt/tools/01- imt sdk-20230713t230121z-001/01- imt sdk/imt_sdk_win_64/winavr/bin/../lib/gcc/avr/4.3.3/avr5\libgcc.a(_sf_to_si.o)
 .debug_abbrev  0x00000fe8       0xad d:/imt/tools/01- imt sdk-20230713t230121z-001/01- imt sdk/imt_sdk_win_64/winavr/bin/../lib/gcc/avr/4.3.3/avr5\libgcc.a(_thenan_sf.o)
 .debug_abbrev  0x00001095      0x1c0 d:/imt/tools/01- imt sdk-20230713t230121z-001/01- imt sdk/imt_sdk_win_64/winavr/bin/../lib/gcc/avr/4.3.3/avr5\libgcc.a(_pack_sf.o)
 .debug_abbrev  0x00001255      0x154 d:/imt/tools/01- imt sdk-20230713t230121z-001/01- imt sdk/imt_sdk_win_64/winavr/bin/../lib/gcc/avr/4.3.3/avr5\libgcc.a(_unpack_sf.o)
 .debug_abbrev  0x000013a9      0x13b d:/imt/tools/01- imt sdk-20230713t230121z-001/01- imt sdk/imt_sdk_win_64/winavr/bin/../lib/gcc/avr/4.3.3/avr5\libgcc.a(_fpcmp_parts_sf.o)

.debug_line     0x00000000     0x23cd
 *(.debug_line)
 .debug_line    0x00000000      0x518 ./App.o
 .debug_line    0x00000518      0x2e5 ./DIO.o
 .debug_line    0x000007fd      0x41d ./KEYPAD.o
 .debug_line    0x00000c1a       0x81 ./KEYPAD_cfg.o
 .debug_line    0x00000c9b      0x90d ./LCD.o
 .debug_line    0x000015a8       0x78 ./LCD_cfg.o
 .debug_line    0x00001620       0xa7 d:/imt/tools/01- imt sdk-20230713t230121z-001/01- imt sdk/imt_sdk_win_64/winavr/bin/../lib/gcc/avr/4.3.3/avr5\libgcc.a(_fixunssfsi.o)
 .debug_line    0x000016c7      0x2af d:/imt/tools/01- imt sdk-20230713t230121z-001/01- imt sdk/imt_sdk_win_64/winavr/bin/../lib/gcc/avr/4.3.3/avr5\libgcc.a(_addsub_sf.o)
 .debug_line    0x00001976      0x239 d:/imt/tools/01- imt sdk-20230713t230121z-001/01- imt sdk/imt_sdk_win_64/winavr/bin/../lib/gcc/avr/4.3.3/avr5\libgcc.a(_mul_sf.o)
 .debug_line    0x00001baf       0xd3 d:/imt/tools/01- imt sdk-20230713t230121z-001/01- imt sdk/imt_sdk_win_64/winavr/bin/../lib/gcc/avr/4.3.3/avr5\libgcc.a(_gt_sf.o)
 .debug_line    0x00001c82       0xd3 d:/imt/tools/01- imt sdk-20230713t230121z-001/01- imt sdk/imt_sdk_win_64/winavr/bin/../lib/gcc/avr/4.3.3/avr5\libgcc.a(_ge_sf.o)
 .debug_line    0x00001d55       0xd3 d:/imt/tools/01- imt sdk-20230713t230121z-001/01- imt sdk/imt_sdk_win_64/winavr/bin/../lib/gcc/avr/4.3.3/avr5\libgcc.a(_lt_sf.o)
 .debug_line    0x00001e28      0x109 d:/imt/tools/01- imt sdk-20230713t230121z-001/01- imt sdk/imt_sdk_win_64/winavr/bin/../lib/gcc/avr/4.3.3/avr5\libgcc.a(_sf_to_si.o)
 .debug_line    0x00001f31       0x90 d:/imt/tools/01- imt sdk-20230713t230121z-001/01- imt sdk/imt_sdk_win_64/winavr/bin/../lib/gcc/avr/4.3.3/avr5\libgcc.a(_thenan_sf.o)
 .debug_line    0x00001fc1      0x18a d:/imt/tools/01- imt sdk-20230713t230121z-001/01- imt sdk/imt_sdk_win_64/winavr/bin/../lib/gcc/avr/4.3.3/avr5\libgcc.a(_pack_sf.o)
 .debug_line    0x0000214b      0x14b d:/imt/tools/01- imt sdk-20230713t230121z-001/01- imt sdk/imt_sdk_win_64/winavr/bin/../lib/gcc/avr/4.3.3/avr5\libgcc.a(_unpack_sf.o)
 .debug_line    0x00002296      0x137 d:/imt/tools/01- imt sdk-20230713t230121z-001/01- imt sdk/imt_sdk_win_64/winavr/bin/../lib/gcc/avr/4.3.3/avr5\libgcc.a(_fpcmp_parts_sf.o)

.debug_frame    0x00000000      0x300
 *(.debug_frame)
 .debug_frame   0x00000000       0x60 ./App.o
 .debug_frame   0x00000060       0x60 ./DIO.o
 .debug_frame   0x000000c0       0x60 ./KEYPAD.o
 .debug_frame   0x00000120       0x80 ./LCD.o
 .debug_frame   0x000001a0       0x20 d:/imt/tools/01- imt sdk-20230713t230121z-001/01- imt sdk/imt_sdk_win_64/winavr/bin/../lib/gcc/avr/4.3.3/avr5\libgcc.a(_fixunssfsi.o)
 .debug_frame   0x000001c0       0x40 d:/imt/tools/01- imt sdk-20230713t230121z-001/01- imt sdk/imt_sdk_win_64/winavr/bin/../lib/gcc/avr/4.3.3/avr5\libgcc.a(_addsub_sf.o)
 .debug_frame   0x00000200       0x20 d:/imt/tools/01- imt sdk-20230713t230121z-001/01- imt sdk/imt_sdk_win_64/winavr/bin/../lib/gcc/avr/4.3.3/avr5\libgcc.a(_mul_sf.o)
 .debug_frame   0x00000220       0x20 d:/imt/tools/01- imt sdk-20230713t230121z-001/01- imt sdk/imt_sdk_win_64/winavr/bin/../lib/gcc/avr/4.3.3/avr5\libgcc.a(_gt_sf.o)
 .debug_frame   0x00000240       0x20 d:/imt/tools/01- imt sdk-20230713t230121z-001/01- imt sdk/imt_sdk_win_64/winavr/bin/../lib/gcc/avr/4.3.3/avr5\libgcc.a(_ge_sf.o)
 .debug_frame   0x00000260       0x20 d:/imt/tools/01- imt sdk-20230713t230121z-001/01- imt sdk/imt_sdk_win_64/winavr/bin/../lib/gcc/avr/4.3.3/avr5\libgcc.a(_lt_sf.o)
 .debug_frame   0x00000280       0x20 d:/imt/tools/01- imt sdk-20230713t230121z-001/01- imt sdk/imt_sdk_win_64/winavr/bin/../lib/gcc/avr/4.3.3/avr5\libgcc.a(_sf_to_si.o)
 .debug_frame   0x000002a0       0x20 d:/imt/tools/01- imt sdk-20230713t230121z-001/01- imt sdk/imt_sdk_win_64/winavr/bin/../lib/gcc/avr/4.3.3/avr5\libgcc.a(_pack_sf.o)
 .debug_frame   0x000002c0       0x20 d:/imt/tools/01- imt sdk-20230713t230121z-001/01- imt sdk/imt_sdk_win_64/winavr/bin/../lib/gcc/avr/4.3.3/avr5\libgcc.a(_unpack_sf.o)
 .debug_frame   0x000002e0       0x20 d:/imt/tools/01- imt sdk-20230713t230121z-001/01- imt sdk/imt_sdk_win_64/winavr/bin/../lib/gcc/avr/4.3.3/avr5\libgcc.a(_fpcmp_parts_sf.o)

.debug_str      0x00000000      0x7c5
 *(.debug_str)
 .debug_str     0x00000000      0x16f ./App.o
                                0x1c8 (size before relaxing)
 .debug_str     0x0000016f       0xf2 ./DIO.o
                                0x195 (size before relaxing)
 .debug_str     0x00000261      0x14f ./KEYPAD.o
                                0x297 (size before relaxing)
 .debug_str     0x000003b0       0x10 ./KEYPAD_cfg.o
                                0x110 (size before relaxing)
 .debug_str     0x000003c0      0x1b4 ./LCD.o
                                0x2f6 (size before relaxing)
 .debug_str     0x00000574        0xd ./LCD_cfg.o
                                0x18a (size before relaxing)
 .debug_str     0x00000581       0x80 d:/imt/tools/01- imt sdk-20230713t230121z-001/01- imt sdk/imt_sdk_win_64/winavr/bin/../lib/gcc/avr/4.3.3/avr5\libgcc.a(_fixunssfsi.o)
                                 0xfe (size before relaxing)
 .debug_str     0x00000601      0x143 d:/imt/tools/01- imt sdk-20230713t230121z-001/01- imt sdk/imt_sdk_win_64/winavr/bin/../lib/gcc/avr/4.3.3/avr5\libgcc.a(_addsub_sf.o)
                                0x206 (size before relaxing)
 .debug_str     0x00000744       0x27 d:/imt/tools/01- imt sdk-20230713t230121z-001/01- imt sdk/imt_sdk_win_64/winavr/bin/../lib/gcc/avr/4.3.3/avr5\libgcc.a(_mul_sf.o)
                                0x1bf (size before relaxing)
 .debug_str     0x0000076b        0xf d:/imt/tools/01- imt sdk-20230713t230121z-001/01- imt sdk/imt_sdk_win_64/winavr/bin/../lib/gcc/avr/4.3.3/avr5\libgcc.a(_gt_sf.o)
                                0x195 (size before relaxing)
 .debug_str     0x0000077a        0x8 d:/imt/tools/01- imt sdk-20230713t230121z-001/01- imt sdk/imt_sdk_win_64/winavr/bin/../lib/gcc/avr/4.3.3/avr5\libgcc.a(_ge_sf.o)
                                0x195 (size before relaxing)
 .debug_str     0x00000782        0x8 d:/imt/tools/01- imt sdk-20230713t230121z-001/01- imt sdk/imt_sdk_win_64/winavr/bin/../lib/gcc/avr/4.3.3/avr5\libgcc.a(_lt_sf.o)
                                0x195 (size before relaxing)
 .debug_str     0x0000078a        0xa d:/imt/tools/01- imt sdk-20230713t230121z-001/01- imt sdk/imt_sdk_win_64/winavr/bin/../lib/gcc/avr/4.3.3/avr5\libgcc.a(_sf_to_si.o)
                                0x19e (size before relaxing)
 .debug_str     0x00000000      0x103 d:/imt/tools/01- imt sdk-20230713t230121z-001/01- imt sdk/imt_sdk_win_64/winavr/bin/../lib/gcc/avr/4.3.3/avr5\libgcc.a(_thenan_sf.o)
 .debug_str     0x00000794       0x16 d:/imt/tools/01- imt sdk-20230713t230121z-001/01- imt sdk/imt_sdk_win_64/winavr/bin/../lib/gcc/avr/4.3.3/avr5\libgcc.a(_pack_sf.o)
                                0x19d (size before relaxing)
 .debug_str     0x000007aa        0xb d:/imt/tools/01- imt sdk-20230713t230121z-001/01- imt sdk/imt_sdk_win_64/winavr/bin/../lib/gcc/avr/4.3.3/avr5\libgcc.a(_unpack_sf.o)
                                0x17f (size before relaxing)
 .debug_str     0x000007b5       0x10 d:/imt/tools/01- imt sdk-20230713t230121z-001/01- imt sdk/imt_sdk_win_64/winavr/bin/../lib/gcc/avr/4.3.3/avr5\libgcc.a(_fpcmp_parts_sf.o)
                                0x163 (size before relaxing)

.debug_loc      0x00000000      0x7ce
 *(.debug_loc)
 .debug_loc     0x00000000       0x34 d:/imt/tools/01- imt sdk-20230713t230121z-001/01- imt sdk/imt_sdk_win_64/winavr/bin/../lib/gcc/avr/4.3.3/avr5\libgcc.a(_fixunssfsi.o)
 .debug_loc     0x00000034      0x32a d:/imt/tools/01- imt sdk-20230713t230121z-001/01- imt sdk/imt_sdk_win_64/winavr/bin/../lib/gcc/avr/4.3.3/avr5\libgcc.a(_addsub_sf.o)
 .debug_loc     0x0000035e      0x104 d:/imt/tools/01- imt sdk-20230713t230121z-001/01- imt sdk/imt_sdk_win_64/winavr/bin/../lib/gcc/avr/4.3.3/avr5\libgcc.a(_mul_sf.o)
 .debug_loc     0x00000462       0x3c d:/imt/tools/01- imt sdk-20230713t230121z-001/01- imt sdk/imt_sdk_win_64/winavr/bin/../lib/gcc/avr/4.3.3/avr5\libgcc.a(_gt_sf.o)
 .debug_loc     0x0000049e       0x3c d:/imt/tools/01- imt sdk-20230713t230121z-001/01- imt sdk/imt_sdk_win_64/winavr/bin/../lib/gcc/avr/4.3.3/avr5\libgcc.a(_ge_sf.o)
 .debug_loc     0x000004da       0x3c d:/imt/tools/01- imt sdk-20230713t230121z-001/01- imt sdk/imt_sdk_win_64/winavr/bin/../lib/gcc/avr/4.3.3/avr5\libgcc.a(_lt_sf.o)
 .debug_loc     0x00000516       0x7e d:/imt/tools/01- imt sdk-20230713t230121z-001/01- imt sdk/imt_sdk_win_64/winavr/bin/../lib/gcc/avr/4.3.3/avr5\libgcc.a(_sf_to_si.o)
 .debug_loc     0x00000594      0x13e d:/imt/tools/01- imt sdk-20230713t230121z-001/01- imt sdk/imt_sdk_win_64/winavr/bin/../lib/gcc/avr/4.3.3/avr5\libgcc.a(_pack_sf.o)
 .debug_loc     0x000006d2       0xac d:/imt/tools/01- imt sdk-20230713t230121z-001/01- imt sdk/imt_sdk_win_64/winavr/bin/../lib/gcc/avr/4.3.3/avr5\libgcc.a(_unpack_sf.o)
 .debug_loc     0x0000077e       0x50 d:/imt/tools/01- imt sdk-20230713t230121z-001/01- imt sdk/imt_sdk_win_64/winavr/bin/../lib/gcc/avr/4.3.3/avr5\libgcc.a(_fpcmp_parts_sf.o)

.debug_macinfo  0x00000000     0x815d
 *(.debug_macinfo)
 .debug_macinfo
                0x00000000     0x1ca9 ./App.o
 .debug_macinfo
                0x00001ca9     0x1203 ./DIO.o
 .debug_macinfo
                0x00002eac     0x1b3d ./KEYPAD.o
 .debug_macinfo
                0x000049e9      0xc45 ./KEYPAD_cfg.o
 .debug_macinfo
                0x0000562e     0x1df9 ./LCD.o
 .debug_macinfo
                0x00007427      0xd36 ./LCD_cfg.o
OUTPUT(calc.elf elf32-avr)
LOAD linker stubs

.debug_ranges   0x00000000      0x140
 .debug_ranges  0x00000000       0x38 ./App.o
 .debug_ranges  0x00000038       0x38 ./DIO.o
 .debug_ranges  0x00000070       0x38 ./KEYPAD.o
 .debug_ranges  0x000000a8       0x48 ./LCD.o
 .debug_ranges  0x000000f0       0x50 d:/imt/tools/01- imt sdk-20230713t230121z-001/01- imt sdk/imt_sdk_win_64/winavr/bin/../lib/gcc/avr/4.3.3/avr5\libgcc.a(_mul_sf.o)
