Archive member included because of file (symbol)

d:/imt_avr/tools/01- imt sdk-20230713t230121z-001/01- imt sdk/imt_sdk_win_64/winavr/bin/../lib/gcc/avr/4.3.3/avr5\libgcc.a(_udivmodhi4.o)
                              ./LCD.o (__udivmodhi4)
d:/imt_avr/tools/01- imt sdk-20230713t230121z-001/01- imt sdk/imt_sdk_win_64/winavr/bin/../lib/gcc/avr/4.3.3/avr5\libgcc.a(_exit.o)
                              d:/imt_avr/tools/01- imt sdk-20230713t230121z-001/01- imt sdk/imt_sdk_win_64/winavr/bin/../lib/gcc/avr/4.3.3/../../../../avr/lib/avr5/crtm32.o (exit)
d:/imt_avr/tools/01- imt sdk-20230713t230121z-001/01- imt sdk/imt_sdk_win_64/winavr/bin/../lib/gcc/avr/4.3.3/avr5\libgcc.a(_copy_data.o)
                              ./App.o (__do_copy_data)
d:/imt_avr/tools/01- imt sdk-20230713t230121z-001/01- imt sdk/imt_sdk_win_64/winavr/bin/../lib/gcc/avr/4.3.3/avr5\libgcc.a(_clear_bss.o)
                              ./App.o (__do_clear_bss)
d:/imt_avr/tools/01- imt sdk-20230713t230121z-001/01- imt sdk/imt_sdk_win_64/winavr/bin/../lib/gcc/avr/4.3.3/avr5\libgcc.a(_fixunssfsi.o)
                              ./App.o (__fixunssfsi)
d:/imt_avr/tools/01- imt sdk-20230713t230121z-001/01- imt sdk/imt_sdk_win_64/winavr/bin/../lib/gcc/avr/4.3.3/avr5\libgcc.a(_addsub_sf.o)
                              d:/imt_avr/tools/01- imt sdk-20230713t230121z-001/01- imt sdk/imt_sdk_win_64/winavr/bin/../lib/gcc/avr/4.3.3/avr5\libgcc.a(_fixunssfsi.o) (__subsf3)
d:/imt_avr/tools/01- imt sdk-20230713t230121z-001/01- imt sdk/imt_sdk_win_64/winavr/bin/../lib/gcc/avr/4.3.3/avr5\libgcc.a(_mul_sf.o)
                              ./App.o (__mulsf3)
d:/imt_avr/tools/01- imt sdk-20230713t230121z-001/01- imt sdk/imt_sdk_win_64/winavr/bin/../lib/gcc/avr/4.3.3/avr5\libgcc.a(_gt_sf.o)
                              ./App.o (__gtsf2)
d:/imt_avr/tools/01- imt sdk-20230713t230121z-001/01- imt sdk/imt_sdk_win_64/winavr/bin/../lib/gcc/avr/4.3.3/avr5\libgcc.a(_ge_sf.o)
                              d:/imt_avr/tools/01- imt sdk-20230713t230121z-001/01- imt sdk/imt_sdk_win_64/winavr/bin/../lib/gcc/avr/4.3.3/avr5\libgcc.a(_fixunssfsi.o) (__gesf2)
d:/imt_avr/tools/01- imt sdk-20230713t230121z-001/01- imt sdk/imt_sdk_win_64/winavr/bin/../lib/gcc/avr/4.3.3/avr5\libgcc.a(_lt_sf.o)
                              ./App.o (__ltsf2)
d:/imt_avr/tools/01- imt sdk-20230713t230121z-001/01- imt sdk/imt_sdk_win_64/winavr/bin/../lib/gcc/avr/4.3.3/avr5\libgcc.a(_sf_to_si.o)
                              d:/imt_avr/tools/01- imt sdk-20230713t230121z-001/01- imt sdk/imt_sdk_win_64/winavr/bin/../lib/gcc/avr/4.3.3/avr5\libgcc.a(_fixunssfsi.o) (__fixsfsi)
d:/imt_avr/tools/01- imt sdk-20230713t230121z-001/01- imt sdk/imt_sdk_win_64/winavr/bin/../lib/gcc/avr/4.3.3/avr5\libgcc.a(_thenan_sf.o)
                              d:/imt_avr/tools/01- imt sdk-20230713t230121z-001/01- imt sdk/imt_sdk_win_64/winavr/bin/../lib/gcc/avr/4.3.3/avr5\libgcc.a(_addsub_sf.o) (__thenan_sf)
d:/imt_avr/tools/01- imt sdk-20230713t230121z-001/01- imt sdk/imt_sdk_win_64/winavr/bin/../lib/gcc/avr/4.3.3/avr5\libgcc.a(_prologue.o)
                              d:/imt_avr/tools/01- imt sdk-20230713t230121z-001/01- imt sdk/imt_sdk_win_64/winavr/bin/../lib/gcc/avr/4.3.3/avr5\libgcc.a(_addsub_sf.o) (__prologue_saves__)
d:/imt_avr/tools/01- imt sdk-20230713t230121z-001/01- imt sdk/imt_sdk_win_64/winavr/bin/../lib/gcc/avr/4.3.3/avr5\libgcc.a(_epilogue.o)
                              d:/imt_avr/tools/01- imt sdk-20230713t230121z-001/01- imt sdk/imt_sdk_win_64/winavr/bin/../lib/gcc/avr/4.3.3/avr5\libgcc.a(_addsub_sf.o) (__epilogue_restores__)
d:/imt_avr/tools/01- imt sdk-20230713t230121z-001/01- imt sdk/imt_sdk_win_64/winavr/bin/../lib/gcc/avr/4.3.3/avr5\libgcc.a(_pack_sf.o)
                              d:/imt_avr/tools/01- imt sdk-20230713t230121z-001/01- imt sdk/imt_sdk_win_64/winavr/bin/../lib/gcc/avr/4.3.3/avr5\libgcc.a(_addsub_sf.o) (__pack_f)
d:/imt_avr/tools/01- imt sdk-20230713t230121z-001/01- imt sdk/imt_sdk_win_64/winavr/bin/../lib/gcc/avr/4.3.3/avr5\libgcc.a(_unpack_sf.o)
                              d:/imt_avr/tools/01- imt sdk-20230713t230121z-001/01- imt sdk/imt_sdk_win_64/winavr/bin/../lib/gcc/avr/4.3.3/avr5\libgcc.a(_addsub_sf.o) (__unpack_f)
d:/imt_avr/tools/01- imt sdk-20230713t230121z-001/01- imt sdk/imt_sdk_win_64/winavr/bin/../lib/gcc/avr/4.3.3/avr5\libgcc.a(_fpcmp_parts_sf.o)
                              d:/imt_avr/tools/01- imt sdk-20230713t230121z-001/01- imt sdk/imt_sdk_win_64/winavr/bin/../lib/gcc/avr/4.3.3/avr5\libgcc.a(_gt_sf.o) (__fpcmp_parts_f)

Allocating common symbols
Common symbol       size              file

PASSWORD            0x4               ./App.o
rain_logic          0x1               ./App.o
i                   0x1               ./App.o
flame_logic         0x1               ./App.o

Memory Configuration

Name             Origin             Length             Attributes
text             0x00000000         0x00020000         xr
data             0x00800060         0x0000ffa0         rw !x
eeprom           0x00810000         0x00010000         rw !x
fuse             0x00820000         0x00000400         rw !x
lock             0x00830000         0x00000400         rw !x
signature        0x00840000         0x00000400         rw !x
*default*        0x00000000         0xffffffff

Linker script and memory map

LOAD d:/imt_avr/tools/01- imt sdk-20230713t230121z-001/01- imt sdk/imt_sdk_win_64/winavr/bin/../lib/gcc/avr/4.3.3/../../../../avr/lib/avr5/crtm32.o
LOAD ./.metadata/.plugins/org.eclipse.cdt.make.core/specs.o
LOAD ./App.o
LOAD ./DIO.o
LOAD ./FLAME.o
LOAD ./KEYPAD.o
LOAD ./KEYPAD_cfg.o
LOAD ./LCD.o
LOAD ./LCD_cfg.o
LOAD ./RAIN_SENSOR.o
LOAD ./SERVO.o
LOAD d:/imt_avr/tools/01- imt sdk-20230713t230121z-001/01- imt sdk/imt_sdk_win_64/winavr/bin/../lib/gcc/avr/4.3.3/avr5\libgcc.a
LOAD d:/imt_avr/tools/01- imt sdk-20230713t230121z-001/01- imt sdk/imt_sdk_win_64/winavr/bin/../lib/gcc/avr/4.3.3/../../../../avr/lib/avr5\libc.a
LOAD d:/imt_avr/tools/01- imt sdk-20230713t230121z-001/01- imt sdk/imt_sdk_win_64/winavr/bin/../lib/gcc/avr/4.3.3/avr5\libgcc.a

.hash
 *(.hash)

.dynsym
 *(.dynsym)

.dynstr
 *(.dynstr)

.gnu.version
 *(.gnu.version)

.gnu.version_d
 *(.gnu.version_d)

.gnu.version_r
 *(.gnu.version_r)

.rel.init
 *(.rel.init)

.rela.init
 *(.rela.init)

.rel.text
 *(.rel.text)
 *(.rel.text.*)
 *(.rel.gnu.linkonce.t*)

.rela.text
 *(.rela.text)
 *(.rela.text.*)
 *(.rela.gnu.linkonce.t*)

.rel.fini
 *(.rel.fini)

.rela.fini
 *(.rela.fini)

.rel.rodata
 *(.rel.rodata)
 *(.rel.rodata.*)
 *(.rel.gnu.linkonce.r*)

.rela.rodata
 *(.rela.rodata)
 *(.rela.rodata.*)
 *(.rela.gnu.linkonce.r*)

.rel.data
 *(.rel.data)
 *(.rel.data.*)
 *(.rel.gnu.linkonce.d*)

.rela.data
 *(.rela.data)
 *(.rela.data.*)
 *(.rela.gnu.linkonce.d*)

.rel.ctors
 *(.rel.ctors)

.rela.ctors
 *(.rela.ctors)

.rel.dtors
 *(.rel.dtors)

.rela.dtors
 *(.rela.dtors)

.rel.got
 *(.rel.got)

.rela.got
 *(.rela.got)

.rel.bss
 *(.rel.bss)

.rela.bss
 *(.rela.bss)

.rel.plt
 *(.rel.plt)

.rela.plt
 *(.rela.plt)

.text           0x00000000     0x3a90
 *(.vectors)
 .vectors       0x00000000       0x54 d:/imt_avr/tools/01- imt sdk-20230713t230121z-001/01- imt sdk/imt_sdk_win_64/winavr/bin/../lib/gcc/avr/4.3.3/../../../../avr/lib/avr5/crtm32.o
                0x00000000                __vectors
                0x00000000                __vector_default
 *(.vectors)
 *(.progmem.gcc*)
 *(.progmem*)
                0x00000054                . = ALIGN (0x2)
                0x00000054                __trampolines_start = .
 *(.trampolines)
 .trampolines   0x00000054        0x0 linker stubs
 *(.trampolines*)
                0x00000054                __trampolines_end = .
 *(.jumptables)
 *(.jumptables*)
 *(.lowtext)
 *(.lowtext*)
                0x00000054                __ctors_start = .
 *(.ctors)
                0x00000054                __ctors_end = .
                0x00000054                __dtors_start = .
 *(.dtors)
                0x00000054                __dtors_end = .
 SORT(*)(.ctors)
 SORT(*)(.dtors)
 *(.init0)
 .init0         0x00000054        0x0 d:/imt_avr/tools/01- imt sdk-20230713t230121z-001/01- imt sdk/imt_sdk_win_64/winavr/bin/../lib/gcc/avr/4.3.3/../../../../avr/lib/avr5/crtm32.o
                0x00000054                __init
 *(.init0)
 *(.init1)
 *(.init1)
 *(.init2)
 .init2         0x00000054        0xc d:/imt_avr/tools/01- imt sdk-20230713t230121z-001/01- imt sdk/imt_sdk_win_64/winavr/bin/../lib/gcc/avr/4.3.3/../../../../avr/lib/avr5/crtm32.o
 *(.init2)
 *(.init3)
 *(.init3)
 *(.init4)
 .init4         0x00000060       0x16 d:/imt_avr/tools/01- imt sdk-20230713t230121z-001/01- imt sdk/imt_sdk_win_64/winavr/bin/../lib/gcc/avr/4.3.3/avr5\libgcc.a(_copy_data.o)
                0x00000060                __do_copy_data
 .init4         0x00000076       0x10 d:/imt_avr/tools/01- imt sdk-20230713t230121z-001/01- imt sdk/imt_sdk_win_64/winavr/bin/../lib/gcc/avr/4.3.3/avr5\libgcc.a(_clear_bss.o)
                0x00000076                __do_clear_bss
 *(.init4)
 *(.init5)
 *(.init5)
 *(.init6)
 *(.init6)
 *(.init7)
 *(.init7)
 *(.init8)
 *(.init8)
 *(.init9)
 .init9         0x00000086        0x8 d:/imt_avr/tools/01- imt sdk-20230713t230121z-001/01- imt sdk/imt_sdk_win_64/winavr/bin/../lib/gcc/avr/4.3.3/../../../../avr/lib/avr5/crtm32.o
 *(.init9)
 *(.text)
 .text          0x0000008e        0x4 d:/imt_avr/tools/01- imt sdk-20230713t230121z-001/01- imt sdk/imt_sdk_win_64/winavr/bin/../lib/gcc/avr/4.3.3/../../../../avr/lib/avr5/crtm32.o
                0x0000008e                __vector_1
                0x0000008e                __vector_12
                0x0000008e                __bad_interrupt
                0x0000008e                __vector_6
                0x0000008e                __vector_3
                0x0000008e                __vector_11
                0x0000008e                __vector_13
                0x0000008e                __vector_17
                0x0000008e                __vector_19
                0x0000008e                __vector_7
                0x0000008e                __vector_5
                0x0000008e                __vector_4
                0x0000008e                __vector_9
                0x0000008e                __vector_2
                0x0000008e                __vector_15
                0x0000008e                __vector_8
                0x0000008e                __vector_14
                0x0000008e                __vector_10
                0x0000008e                __vector_16
                0x0000008e                __vector_18
                0x0000008e                __vector_20
 .text          0x00000092        0x0 ./.metadata/.plugins/org.eclipse.cdt.make.core/specs.o
 .text          0x00000092        0x0 ./App.o
 .text          0x00000092        0x0 ./DIO.o
 .text          0x00000092        0x0 ./FLAME.o
 .text          0x00000092        0x0 ./KEYPAD.o
 .text          0x00000092        0x0 ./KEYPAD_cfg.o
 .text          0x00000092        0x0 ./LCD.o
 .text          0x00000092        0x0 ./LCD_cfg.o
 .text          0x00000092        0x0 ./RAIN_SENSOR.o
 .text          0x00000092        0x0 ./SERVO.o
 .text          0x00000092        0x0 d:/imt_avr/tools/01- imt sdk-20230713t230121z-001/01- imt sdk/imt_sdk_win_64/winavr/bin/../lib/gcc/avr/4.3.3/avr5\libgcc.a(_udivmodhi4.o)
 .text          0x00000092        0x0 d:/imt_avr/tools/01- imt sdk-20230713t230121z-001/01- imt sdk/imt_sdk_win_64/winavr/bin/../lib/gcc/avr/4.3.3/avr5\libgcc.a(_exit.o)
 .text          0x00000092        0x0 d:/imt_avr/tools/01- imt sdk-20230713t230121z-001/01- imt sdk/imt_sdk_win_64/winavr/bin/../lib/gcc/avr/4.3.3/avr5\libgcc.a(_copy_data.o)
 .text          0x00000092        0x0 d:/imt_avr/tools/01- imt sdk-20230713t230121z-001/01- imt sdk/imt_sdk_win_64/winavr/bin/../lib/gcc/avr/4.3.3/avr5\libgcc.a(_clear_bss.o)
 .text          0x00000092       0x58 d:/imt_avr/tools/01- imt sdk-20230713t230121z-001/01- imt sdk/imt_sdk_win_64/winavr/bin/../lib/gcc/avr/4.3.3/avr5\libgcc.a(_fixunssfsi.o)
                0x00000092                __fixunssfsi
 .text          0x000000ea      0x354 d:/imt_avr/tools/01- imt sdk-20230713t230121z-001/01- imt sdk/imt_sdk_win_64/winavr/bin/../lib/gcc/avr/4.3.3/avr5\libgcc.a(_addsub_sf.o)
                0x00000382                __subsf3
                0x000003e4                __addsf3
 .text          0x0000043e      0x1f4 d:/imt_avr/tools/01- imt sdk-20230713t230121z-001/01- imt sdk/imt_sdk_win_64/winavr/bin/../lib/gcc/avr/4.3.3/avr5\libgcc.a(_mul_sf.o)
                0x0000043e                __mulsf3
 .text          0x00000632       0x60 d:/imt_avr/tools/01- imt sdk-20230713t230121z-001/01- imt sdk/imt_sdk_win_64/winavr/bin/../lib/gcc/avr/4.3.3/avr5\libgcc.a(_gt_sf.o)
                0x00000632                __gtsf2
 .text          0x00000692       0x60 d:/imt_avr/tools/01- imt sdk-20230713t230121z-001/01- imt sdk/imt_sdk_win_64/winavr/bin/../lib/gcc/avr/4.3.3/avr5\libgcc.a(_ge_sf.o)
                0x00000692                __gesf2
 .text          0x000006f2       0x60 d:/imt_avr/tools/01- imt sdk-20230713t230121z-001/01- imt sdk/imt_sdk_win_64/winavr/bin/../lib/gcc/avr/4.3.3/avr5\libgcc.a(_lt_sf.o)
                0x000006f2                __ltsf2
 .text          0x00000752       0xa8 d:/imt_avr/tools/01- imt sdk-20230713t230121z-001/01- imt sdk/imt_sdk_win_64/winavr/bin/../lib/gcc/avr/4.3.3/avr5\libgcc.a(_sf_to_si.o)
                0x00000752                __fixsfsi
 .text          0x000007fa        0x0 d:/imt_avr/tools/01- imt sdk-20230713t230121z-001/01- imt sdk/imt_sdk_win_64/winavr/bin/../lib/gcc/avr/4.3.3/avr5\libgcc.a(_thenan_sf.o)
 .text          0x000007fa        0x0 d:/imt_avr/tools/01- imt sdk-20230713t230121z-001/01- imt sdk/imt_sdk_win_64/winavr/bin/../lib/gcc/avr/4.3.3/avr5\libgcc.a(_prologue.o)
 .text          0x000007fa        0x0 d:/imt_avr/tools/01- imt sdk-20230713t230121z-001/01- imt sdk/imt_sdk_win_64/winavr/bin/../lib/gcc/avr/4.3.3/avr5\libgcc.a(_epilogue.o)
 .text          0x000007fa      0x1aa d:/imt_avr/tools/01- imt sdk-20230713t230121z-001/01- imt sdk/imt_sdk_win_64/winavr/bin/../lib/gcc/avr/4.3.3/avr5\libgcc.a(_pack_sf.o)
                0x000007fa                __pack_f
 .text          0x000009a4       0xf0 d:/imt_avr/tools/01- imt sdk-20230713t230121z-001/01- imt sdk/imt_sdk_win_64/winavr/bin/../lib/gcc/avr/4.3.3/avr5\libgcc.a(_unpack_sf.o)
                0x000009a4                __unpack_f
 .text          0x00000a94       0xb2 d:/imt_avr/tools/01- imt sdk-20230713t230121z-001/01- imt sdk/imt_sdk_win_64/winavr/bin/../lib/gcc/avr/4.3.3/avr5\libgcc.a(_fpcmp_parts_sf.o)
                0x00000a94                __fpcmp_parts_f
                0x00000b46                . = ALIGN (0x2)
 *(.text.*)
 .text.main     0x00000b46      0x62e ./App.o
                0x00000b46                main
 .text.DIO_vidInit
                0x00001174       0x2e ./DIO.o
                0x00001174                DIO_vidInit
 .text.DIO_enuSetPinDir
                0x000011a2      0x1b4 ./DIO.o
                0x000011a2                DIO_enuSetPinDir
 .text.DIO_enuSetPinValue
                0x00001356      0x1c6 ./DIO.o
                0x00001356                DIO_enuSetPinValue
 .text.DIO_enuReadPinValue
                0x0000151c       0xfa ./DIO.o
                0x0000151c                DIO_enuReadPinValue
 .text.DIO_enuSetPinPullUp
                0x00001616       0x20 ./DIO.o
                0x00001616                DIO_enuSetPinPullUp
 .text.flame_read
                0x00001636       0x4e ./FLAME.o
                0x00001636                flame_read
 .text.KEYPAD_vidInit
                0x00001684       0x9e ./KEYPAD.o
                0x00001684                KEYPAD_vidInit
 .text.KEYPAD_enuGetPressedKey
                0x00001722      0x296 ./KEYPAD.o
                0x00001722                KEYPAD_enuGetPressedKey
 .text.PutSequence
                0x000019b8       0xdc ./KEYPAD.o
 .text.ReadSequence
                0x00001a94       0xf8 ./KEYPAD.o
 .text.RepValue
                0x00001b8c       0xf4 ./KEYPAD.o
 .text.LCD_vidInit
                0x00001c80     0x10f0 ./LCD.o
                0x00001c80                LCD_vidInit
 .text.LCD_vidSendCmd
                0x00002d70       0x46 ./LCD.o
                0x00002d70                LCD_vidSendCmd
 .text.LCD_vidWriteData
                0x00002db6       0x46 ./LCD.o
                0x00002db6                LCD_vidWriteData
 .text.LCD_vidWriteDecimal
                0x00002dfc       0xce ./LCD.o
                0x00002dfc                LCD_vidWriteDecimal
 .text.LCD_vidWriteString
                0x00002eca       0x5c ./LCD.o
                0x00002eca                LCD_vidWriteString
 .text.PutOnBus
                0x00002f26      0x412 ./LCD.o
 .text.Pow      0x00003338       0x60 ./LCD.o
                0x00003338                Pow
 .text.rain_read
                0x00003398       0x4c ./RAIN_SENSOR.o
                0x00003398                rain_read
 .text.servo_init
                0x000033e4      0x206 ./SERVO.o
                0x000033e4                servo_init
 .text.servo_ON
                0x000035ea      0x206 ./SERVO.o
                0x000035ea                servo_ON
 .text.servo_OFF
                0x000037f0      0x206 ./SERVO.o
                0x000037f0                servo_OFF
 .text.libgcc   0x000039f6       0x28 d:/imt_avr/tools/01- imt sdk-20230713t230121z-001/01- imt sdk/imt_sdk_win_64/winavr/bin/../lib/gcc/avr/4.3.3/avr5\libgcc.a(_udivmodhi4.o)
                0x000039f6                __udivmodhi4
 .text.libgcc   0x00003a1e        0x0 d:/imt_avr/tools/01- imt sdk-20230713t230121z-001/01- imt sdk/imt_sdk_win_64/winavr/bin/../lib/gcc/avr/4.3.3/avr5\libgcc.a(_exit.o)
 .text.libgcc   0x00003a1e        0x0 d:/imt_avr/tools/01- imt sdk-20230713t230121z-001/01- imt sdk/imt_sdk_win_64/winavr/bin/../lib/gcc/avr/4.3.3/avr5\libgcc.a(_copy_data.o)
 .text.libgcc   0x00003a1e        0x0 d:/imt_avr/tools/01- imt sdk-20230713t230121z-001/01- imt sdk/imt_sdk_win_64/winavr/bin/../lib/gcc/avr/4.3.3/avr5\libgcc.a(_clear_bss.o)
 .text.libgcc   0x00003a1e       0x38 d:/imt_avr/tools/01- imt sdk-20230713t230121z-001/01- imt sdk/imt_sdk_win_64/winavr/bin/../lib/gcc/avr/4.3.3/avr5\libgcc.a(_prologue.o)
                0x00003a1e                __prologue_saves__
 .text.libgcc   0x00003a56       0x36 d:/imt_avr/tools/01- imt sdk-20230713t230121z-001/01- imt sdk/imt_sdk_win_64/winavr/bin/../lib/gcc/avr/4.3.3/avr5\libgcc.a(_epilogue.o)
                0x00003a56                __epilogue_restores__
                0x00003a8c                . = ALIGN (0x2)
 *(.fini9)
 .fini9         0x00003a8c        0x0 d:/imt_avr/tools/01- imt sdk-20230713t230121z-001/01- imt sdk/imt_sdk_win_64/winavr/bin/../lib/gcc/avr/4.3.3/avr5\libgcc.a(_exit.o)
                0x00003a8c                exit
                0x00003a8c                _exit
 *(.fini9)
 *(.fini8)
 *(.fini8)
 *(.fini7)
 *(.fini7)
 *(.fini6)
 *(.fini6)
 *(.fini5)
 *(.fini5)
 *(.fini4)
 *(.fini4)
 *(.fini3)
 *(.fini3)
 *(.fini2)
 *(.fini2)
 *(.fini1)
 *(.fini1)
 *(.fini0)
 .fini0         0x00003a8c        0x4 d:/imt_avr/tools/01- imt sdk-20230713t230121z-001/01- imt sdk/imt_sdk_win_64/winavr/bin/../lib/gcc/avr/4.3.3/avr5\libgcc.a(_exit.o)
 *(.fini0)
                0x00003a90                _etext = .

.data           0x00800060       0xbc load address 0x00003a90
                0x00800060                PROVIDE (__data_start, .)
 *(.data)
 .data          0x00800060        0x0 d:/imt_avr/tools/01- imt sdk-20230713t230121z-001/01- imt sdk/imt_sdk_win_64/winavr/bin/../lib/gcc/avr/4.3.3/../../../../avr/lib/avr5/crtm32.o
 .data          0x00800060        0x0 ./.metadata/.plugins/org.eclipse.cdt.make.core/specs.o
 .data          0x00800060       0x8d ./App.o
 .data          0x008000ed        0x0 ./DIO.o
 .data          0x008000ed        0x0 ./FLAME.o
 .data          0x008000ed        0x0 ./KEYPAD.o
 .data          0x008000ed        0x0 ./KEYPAD_cfg.o
 .data          0x008000ed        0x0 ./LCD.o
 .data          0x008000ed        0x0 ./LCD_cfg.o
 .data          0x008000ed        0x0 ./RAIN_SENSOR.o
 .data          0x008000ed        0x0 ./SERVO.o
 .data          0x008000ed        0x0 d:/imt_avr/tools/01- imt sdk-20230713t230121z-001/01- imt sdk/imt_sdk_win_64/winavr/bin/../lib/gcc/avr/4.3.3/avr5\libgcc.a(_udivmodhi4.o)
 .data          0x008000ed        0x0 d:/imt_avr/tools/01- imt sdk-20230713t230121z-001/01- imt sdk/imt_sdk_win_64/winavr/bin/../lib/gcc/avr/4.3.3/avr5\libgcc.a(_exit.o)
 .data          0x008000ed        0x0 d:/imt_avr/tools/01- imt sdk-20230713t230121z-001/01- imt sdk/imt_sdk_win_64/winavr/bin/../lib/gcc/avr/4.3.3/avr5\libgcc.a(_copy_data.o)
 .data          0x008000ed        0x0 d:/imt_avr/tools/01- imt sdk-20230713t230121z-001/01- imt sdk/imt_sdk_win_64/winavr/bin/../lib/gcc/avr/4.3.3/avr5\libgcc.a(_clear_bss.o)
 .data          0x008000ed        0x0 d:/imt_avr/tools/01- imt sdk-20230713t230121z-001/01- imt sdk/imt_sdk_win_64/winavr/bin/../lib/gcc/avr/4.3.3/avr5\libgcc.a(_fixunssfsi.o)
 .data          0x008000ed        0x0 d:/imt_avr/tools/01- imt sdk-20230713t230121z-001/01- imt sdk/imt_sdk_win_64/winavr/bin/../lib/gcc/avr/4.3.3/avr5\libgcc.a(_addsub_sf.o)
 .data          0x008000ed        0x0 d:/imt_avr/tools/01- imt sdk-20230713t230121z-001/01- imt sdk/imt_sdk_win_64/winavr/bin/../lib/gcc/avr/4.3.3/avr5\libgcc.a(_mul_sf.o)
 .data          0x008000ed        0x0 d:/imt_avr/tools/01- imt sdk-20230713t230121z-001/01- imt sdk/imt_sdk_win_64/winavr/bin/../lib/gcc/avr/4.3.3/avr5\libgcc.a(_gt_sf.o)
 .data          0x008000ed        0x0 d:/imt_avr/tools/01- imt sdk-20230713t230121z-001/01- imt sdk/imt_sdk_win_64/winavr/bin/../lib/gcc/avr/4.3.3/avr5\libgcc.a(_ge_sf.o)
 .data          0x008000ed        0x0 d:/imt_avr/tools/01- imt sdk-20230713t230121z-001/01- imt sdk/imt_sdk_win_64/winavr/bin/../lib/gcc/avr/4.3.3/avr5\libgcc.a(_lt_sf.o)
 .data          0x008000ed        0x0 d:/imt_avr/tools/01- imt sdk-20230713t230121z-001/01- imt sdk/imt_sdk_win_64/winavr/bin/../lib/gcc/avr/4.3.3/avr5\libgcc.a(_sf_to_si.o)
 .data          0x008000ed        0x8 d:/imt_avr/tools/01- imt sdk-20230713t230121z-001/01- imt sdk/imt_sdk_win_64/winavr/bin/../lib/gcc/avr/4.3.3/avr5\libgcc.a(_thenan_sf.o)
                0x008000ed                __thenan_sf
 .data          0x008000f5        0x0 d:/imt_avr/tools/01- imt sdk-20230713t230121z-001/01- imt sdk/imt_sdk_win_64/winavr/bin/../lib/gcc/avr/4.3.3/avr5\libgcc.a(_prologue.o)
 .data          0x008000f5        0x0 d:/imt_avr/tools/01- imt sdk-20230713t230121z-001/01- imt sdk/imt_sdk_win_64/winavr/bin/../lib/gcc/avr/4.3.3/avr5\libgcc.a(_epilogue.o)
 .data          0x008000f5        0x0 d:/imt_avr/tools/01- imt sdk-20230713t230121z-001/01- imt sdk/imt_sdk_win_64/winavr/bin/../lib/gcc/avr/4.3.3/avr5\libgcc.a(_pack_sf.o)
 .data          0x008000f5        0x0 d:/imt_avr/tools/01- imt sdk-20230713t230121z-001/01- imt sdk/imt_sdk_win_64/winavr/bin/../lib/gcc/avr/4.3.3/avr5\libgcc.a(_unpack_sf.o)
 .data          0x008000f5        0x0 d:/imt_avr/tools/01- imt sdk-20230713t230121z-001/01- imt sdk/imt_sdk_win_64/winavr/bin/../lib/gcc/avr/4.3.3/avr5\libgcc.a(_fpcmp_parts_sf.o)
 *(.data*)
 .data.Button   0x008000f5        0x1 ./App.o
                0x008000f5                Button
 .data.n        0x008000f6        0x1 ./App.o
                0x008000f6                n
 .data.PASSWORD_RESRVED
                0x008000f7        0x4 ./App.o
                0x008000f7                PASSWORD_RESRVED
 .data.KEYPAD_astrCfg
                0x008000fb       0x15 ./KEYPAD_cfg.o
                0x008000fb                KEYPAD_astrCfg
 .data.LCD_astrCfg
                0x00800110        0xc ./LCD_cfg.o
                0x00800110                LCD_astrCfg
 *(.rodata)
 *(.rodata*)
 *(.gnu.linkonce.d*)
                0x0080011c                . = ALIGN (0x2)
                0x0080011c                _edata = .
                0x0080011c                PROVIDE (__data_end, .)

.bss            0x0080011c        0xe
                0x0080011c                PROVIDE (__bss_start, .)
 *(.bss)
 .bss           0x0080011c        0x0 d:/imt_avr/tools/01- imt sdk-20230713t230121z-001/01- imt sdk/imt_sdk_win_64/winavr/bin/../lib/gcc/avr/4.3.3/../../../../avr/lib/avr5/crtm32.o
 .bss           0x0080011c        0x0 ./.metadata/.plugins/org.eclipse.cdt.make.core/specs.o
 .bss           0x0080011c        0x0 ./App.o
 .bss           0x0080011c        0x0 ./DIO.o
 .bss           0x0080011c        0x0 ./FLAME.o
 .bss           0x0080011c        0x0 ./KEYPAD.o
 .bss           0x0080011c        0x0 ./KEYPAD_cfg.o
 .bss           0x0080011c        0x0 ./LCD.o
 .bss           0x0080011c        0x0 ./LCD_cfg.o
 .bss           0x0080011c        0x0 ./RAIN_SENSOR.o
 .bss           0x0080011c        0x0 ./SERVO.o
 .bss           0x0080011c        0x0 d:/imt_avr/tools/01- imt sdk-20230713t230121z-001/01- imt sdk/imt_sdk_win_64/winavr/bin/../lib/gcc/avr/4.3.3/avr5\libgcc.a(_udivmodhi4.o)
 .bss           0x0080011c        0x0 d:/imt_avr/tools/01- imt sdk-20230713t230121z-001/01- imt sdk/imt_sdk_win_64/winavr/bin/../lib/gcc/avr/4.3.3/avr5\libgcc.a(_exit.o)
 .bss           0x0080011c        0x0 d:/imt_avr/tools/01- imt sdk-20230713t230121z-001/01- imt sdk/imt_sdk_win_64/winavr/bin/../lib/gcc/avr/4.3.3/avr5\libgcc.a(_copy_data.o)
 .bss           0x0080011c        0x0 d:/imt_avr/tools/01- imt sdk-20230713t230121z-001/01- imt sdk/imt_sdk_win_64/winavr/bin/../lib/gcc/avr/4.3.3/avr5\libgcc.a(_clear_bss.o)
 .bss           0x0080011c        0x0 d:/imt_avr/tools/01- imt sdk-20230713t230121z-001/01- imt sdk/imt_sdk_win_64/winavr/bin/../lib/gcc/avr/4.3.3/avr5\libgcc.a(_fixunssfsi.o)
 .bss           0x0080011c        0x0 d:/imt_avr/tools/01- imt sdk-20230713t230121z-001/01- imt sdk/imt_sdk_win_64/winavr/bin/../lib/gcc/avr/4.3.3/avr5\libgcc.a(_addsub_sf.o)
 .bss           0x0080011c        0x0 d:/imt_avr/tools/01- imt sdk-20230713t230121z-001/01- imt sdk/imt_sdk_win_64/winavr/bin/../lib/gcc/avr/4.3.3/avr5\libgcc.a(_mul_sf.o)
 .bss           0x0080011c        0x0 d:/imt_avr/tools/01- imt sdk-20230713t230121z-001/01- imt sdk/imt_sdk_win_64/winavr/bin/../lib/gcc/avr/4.3.3/avr5\libgcc.a(_gt_sf.o)
 .bss           0x0080011c        0x0 d:/imt_avr/tools/01- imt sdk-20230713t230121z-001/01- imt sdk/imt_sdk_win_64/winavr/bin/../lib/gcc/avr/4.3.3/avr5\libgcc.a(_ge_sf.o)
 .bss           0x0080011c        0x0 d:/imt_avr/tools/01- imt sdk-20230713t230121z-001/01- imt sdk/imt_sdk_win_64/winavr/bin/../lib/gcc/avr/4.3.3/avr5\libgcc.a(_lt_sf.o)
 .bss           0x0080011c        0x0 d:/imt_avr/tools/01- imt sdk-20230713t230121z-001/01- imt sdk/imt_sdk_win_64/winavr/bin/../lib/gcc/avr/4.3.3/avr5\libgcc.a(_sf_to_si.o)
 .bss           0x0080011c        0x0 d:/imt_avr/tools/01- imt sdk-20230713t230121z-001/01- imt sdk/imt_sdk_win_64/winavr/bin/../lib/gcc/avr/4.3.3/avr5\libgcc.a(_thenan_sf.o)
 .bss           0x0080011c        0x0 d:/imt_avr/tools/01- imt sdk-20230713t230121z-001/01- imt sdk/imt_sdk_win_64/winavr/bin/../lib/gcc/avr/4.3.3/avr5\libgcc.a(_prologue.o)
 .bss           0x0080011c        0x0 d:/imt_avr/tools/01- imt sdk-20230713t230121z-001/01- imt sdk/imt_sdk_win_64/winavr/bin/../lib/gcc/avr/4.3.3/avr5\libgcc.a(_epilogue.o)
 .bss           0x0080011c        0x0 d:/imt_avr/tools/01- imt sdk-20230713t230121z-001/01- imt sdk/imt_sdk_win_64/winavr/bin/../lib/gcc/avr/4.3.3/avr5\libgcc.a(_pack_sf.o)
 .bss           0x0080011c        0x0 d:/imt_avr/tools/01- imt sdk-20230713t230121z-001/01- imt sdk/imt_sdk_win_64/winavr/bin/../lib/gcc/avr/4.3.3/avr5\libgcc.a(_unpack_sf.o)
 .bss           0x0080011c        0x0 d:/imt_avr/tools/01- imt sdk-20230713t230121z-001/01- imt sdk/imt_sdk_win_64/winavr/bin/../lib/gcc/avr/4.3.3/avr5\libgcc.a(_fpcmp_parts_sf.o)
 *(.bss*)
 .bss.state     0x0080011c        0x1 ./App.o
                0x0080011c                state
 .bss.DIGIT     0x0080011d        0x1 ./App.o
                0x0080011d                DIGIT
 .bss.x         0x0080011e        0x1 ./App.o
                0x0080011e                x
 .bss.NUMBER_OF_WRONG_PASS
                0x0080011f        0x1 ./App.o
                0x0080011f                NUMBER_OF_WRONG_PASS
 .bss.flag      0x00800120        0x2 ./App.o
                0x00800120                flag
 .bss.InitFinshed
                0x00800122        0x1 ./LCD.o
 *(COMMON)
 COMMON         0x00800123        0x7 ./App.o
                0x00800123                PASSWORD
                0x00800127                rain_logic
                0x00800128                i
                0x00800129                flame_logic
                0x0080012a                PROVIDE (__bss_end, .)
                0x00003a90                __data_load_start = LOADADDR (.data)
                0x00003b4c                __data_load_end = (__data_load_start + SIZEOF (.data))

.noinit         0x0080012a        0x0
                0x0080012a                PROVIDE (__noinit_start, .)
 *(.noinit*)
                0x0080012a                PROVIDE (__noinit_end, .)
                0x0080012a                _end = .
                0x0080012a                PROVIDE (__heap_start, .)

.eeprom         0x00810000        0x0
 *(.eeprom*)
                0x00810000                __eeprom_end = .

.fuse
 *(.fuse)
 *(.lfuse)
 *(.hfuse)
 *(.efuse)

.lock
 *(.lock*)

.signature
 *(.signature*)

.stab
 *(.stab)

.stabstr
 *(.stabstr)

.stab.excl
 *(.stab.excl)

.stab.exclstr
 *(.stab.exclstr)

.stab.index
 *(.stab.index)

.stab.indexstr
 *(.stab.indexstr)

.comment
 *(.comment)

.debug
 *(.debug)

.line
 *(.line)

.debug_srcinfo
 *(.debug_srcinfo)

.debug_sfnames
 *(.debug_sfnames)

.debug_aranges  0x00000000      0x2a0
 *(.debug_aranges)
 .debug_aranges
                0x00000000       0x20 ./App.o
 .debug_aranges
                0x00000020       0x40 ./DIO.o
 .debug_aranges
                0x00000060       0x20 ./FLAME.o
 .debug_aranges
                0x00000080       0x40 ./KEYPAD.o
 .debug_aranges
                0x000000c0       0x50 ./LCD.o
 .debug_aranges
                0x00000110       0x20 ./RAIN_SENSOR.o
 .debug_aranges
                0x00000130       0x30 ./SERVO.o
 .debug_aranges
                0x00000160       0x20 d:/imt_avr/tools/01- imt sdk-20230713t230121z-001/01- imt sdk/imt_sdk_win_64/winavr/bin/../lib/gcc/avr/4.3.3/avr5\libgcc.a(_fixunssfsi.o)
 .debug_aranges
                0x00000180       0x20 d:/imt_avr/tools/01- imt sdk-20230713t230121z-001/01- imt sdk/imt_sdk_win_64/winavr/bin/../lib/gcc/avr/4.3.3/avr5\libgcc.a(_addsub_sf.o)
 .debug_aranges
                0x000001a0       0x20 d:/imt_avr/tools/01- imt sdk-20230713t230121z-001/01- imt sdk/imt_sdk_win_64/winavr/bin/../lib/gcc/avr/4.3.3/avr5\libgcc.a(_mul_sf.o)
 .debug_aranges
                0x000001c0       0x20 d:/imt_avr/tools/01- imt sdk-20230713t230121z-001/01- imt sdk/imt_sdk_win_64/winavr/bin/../lib/gcc/avr/4.3.3/avr5\libgcc.a(_gt_sf.o)
 .debug_aranges
                0x000001e0       0x20 d:/imt_avr/tools/01- imt sdk-20230713t230121z-001/01- imt sdk/imt_sdk_win_64/winavr/bin/../lib/gcc/avr/4.3.3/avr5\libgcc.a(_ge_sf.o)
 .debug_aranges
                0x00000200       0x20 d:/imt_avr/tools/01- imt sdk-20230713t230121z-001/01- imt sdk/imt_sdk_win_64/winavr/bin/../lib/gcc/avr/4.3.3/avr5\libgcc.a(_lt_sf.o)
 .debug_aranges
                0x00000220       0x20 d:/imt_avr/tools/01- imt sdk-20230713t230121z-001/01- imt sdk/imt_sdk_win_64/winavr/bin/../lib/gcc/avr/4.3.3/avr5\libgcc.a(_sf_to_si.o)
 .debug_aranges
                0x00000240       0x20 d:/imt_avr/tools/01- imt sdk-20230713t230121z-001/01- imt sdk/imt_sdk_win_64/winavr/bin/../lib/gcc/avr/4.3.3/avr5\libgcc.a(_pack_sf.o)
 .debug_aranges
                0x00000260       0x20 d:/imt_avr/tools/01- imt sdk-20230713t230121z-001/01- imt sdk/imt_sdk_win_64/winavr/bin/../lib/gcc/avr/4.3.3/avr5\libgcc.a(_unpack_sf.o)
 .debug_aranges
                0x00000280       0x20 d:/imt_avr/tools/01- imt sdk-20230713t230121z-001/01- imt sdk/imt_sdk_win_64/winavr/bin/../lib/gcc/avr/4.3.3/avr5\libgcc.a(_fpcmp_parts_sf.o)

.debug_pubnames
                0x00000000      0x423
 *(.debug_pubnames)
 .debug_pubnames
                0x00000000       0xaf ./App.o
 .debug_pubnames
                0x000000af       0x7e ./DIO.o
 .debug_pubnames
                0x0000012d       0x21 ./FLAME.o
 .debug_pubnames
                0x0000014e       0x41 ./KEYPAD.o
 .debug_pubnames
                0x0000018f       0x25 ./KEYPAD_cfg.o
 .debug_pubnames
                0x000001b4       0x81 ./LCD.o
 .debug_pubnames
                0x00000235       0x22 ./LCD_cfg.o
 .debug_pubnames
                0x00000257       0x20 ./RAIN_SENSOR.o
 .debug_pubnames
                0x00000277       0x3c ./SERVO.o
 .debug_pubnames
                0x000002b3       0x23 d:/imt_avr/tools/01- imt sdk-20230713t230121z-001/01- imt sdk/imt_sdk_win_64/winavr/bin/../lib/gcc/avr/4.3.3/avr5\libgcc.a(_fixunssfsi.o)
 .debug_pubnames
                0x000002d6       0x2c d:/imt_avr/tools/01- imt sdk-20230713t230121z-001/01- imt sdk/imt_sdk_win_64/winavr/bin/../lib/gcc/avr/4.3.3/avr5\libgcc.a(_addsub_sf.o)
 .debug_pubnames
                0x00000302       0x1f d:/imt_avr/tools/01- imt sdk-20230713t230121z-001/01- imt sdk/imt_sdk_win_64/winavr/bin/../lib/gcc/avr/4.3.3/avr5\libgcc.a(_mul_sf.o)
 .debug_pubnames
                0x00000321       0x1e d:/imt_avr/tools/01- imt sdk-20230713t230121z-001/01- imt sdk/imt_sdk_win_64/winavr/bin/../lib/gcc/avr/4.3.3/avr5\libgcc.a(_gt_sf.o)
 .debug_pubnames
                0x0000033f       0x1e d:/imt_avr/tools/01- imt sdk-20230713t230121z-001/01- imt sdk/imt_sdk_win_64/winavr/bin/../lib/gcc/avr/4.3.3/avr5\libgcc.a(_ge_sf.o)
 .debug_pubnames
                0x0000035d       0x1e d:/imt_avr/tools/01- imt sdk-20230713t230121z-001/01- imt sdk/imt_sdk_win_64/winavr/bin/../lib/gcc/avr/4.3.3/avr5\libgcc.a(_lt_sf.o)
 .debug_pubnames
                0x0000037b       0x20 d:/imt_avr/tools/01- imt sdk-20230713t230121z-001/01- imt sdk/imt_sdk_win_64/winavr/bin/../lib/gcc/avr/4.3.3/avr5\libgcc.a(_sf_to_si.o)
 .debug_pubnames
                0x0000039b       0x22 d:/imt_avr/tools/01- imt sdk-20230713t230121z-001/01- imt sdk/imt_sdk_win_64/winavr/bin/../lib/gcc/avr/4.3.3/avr5\libgcc.a(_thenan_sf.o)
 .debug_pubnames
                0x000003bd       0x1f d:/imt_avr/tools/01- imt sdk-20230713t230121z-001/01- imt sdk/imt_sdk_win_64/winavr/bin/../lib/gcc/avr/4.3.3/avr5\libgcc.a(_pack_sf.o)
 .debug_pubnames
                0x000003dc       0x21 d:/imt_avr/tools/01- imt sdk-20230713t230121z-001/01- imt sdk/imt_sdk_win_64/winavr/bin/../lib/gcc/avr/4.3.3/avr5\libgcc.a(_unpack_sf.o)
 .debug_pubnames
                0x000003fd       0x26 d:/imt_avr/tools/01- imt sdk-20230713t230121z-001/01- imt sdk/imt_sdk_win_64/winavr/bin/../lib/gcc/avr/4.3.3/avr5\libgcc.a(_fpcmp_parts_sf.o)

.debug_info     0x00000000     0x347d
 *(.debug_info)
 .debug_info    0x00000000        0x0 ./.metadata/.plugins/org.eclipse.cdt.make.core/specs.o
 .debug_info    0x00000000      0x302 ./App.o
 .debug_info    0x00000302      0x1c1 ./DIO.o
 .debug_info    0x000004c3      0x108 ./FLAME.o
 .debug_info    0x000005cb      0x3ff ./KEYPAD.o
 .debug_info    0x000009ca      0x122 ./KEYPAD_cfg.o
 .debug_info    0x00000aec      0x7e3 ./LCD.o
 .debug_info    0x000012cf      0x1ba ./LCD_cfg.o
 .debug_info    0x00001489       0xe8 ./RAIN_SENSOR.o
 .debug_info    0x00001571      0x2c3 ./SERVO.o
 .debug_info    0x00001834       0xb1 d:/imt_avr/tools/01- imt sdk-20230713t230121z-001/01- imt sdk/imt_sdk_win_64/winavr/bin/../lib/gcc/avr/4.3.3/avr5\libgcc.a(_fixunssfsi.o)
 .debug_info    0x000018e5      0x47a d:/imt_avr/tools/01- imt sdk-20230713t230121z-001/01- imt sdk/imt_sdk_win_64/winavr/bin/../lib/gcc/avr/4.3.3/avr5\libgcc.a(_addsub_sf.o)
 .debug_info    0x00001d5f      0x485 d:/imt_avr/tools/01- imt sdk-20230713t230121z-001/01- imt sdk/imt_sdk_win_64/winavr/bin/../lib/gcc/avr/4.3.3/avr5\libgcc.a(_mul_sf.o)
 .debug_info    0x000021e4      0x27f d:/imt_avr/tools/01- imt sdk-20230713t230121z-001/01- imt sdk/imt_sdk_win_64/winavr/bin/../lib/gcc/avr/4.3.3/avr5\libgcc.a(_gt_sf.o)
 .debug_info    0x00002463      0x27f d:/imt_avr/tools/01- imt sdk-20230713t230121z-001/01- imt sdk/imt_sdk_win_64/winavr/bin/../lib/gcc/avr/4.3.3/avr5\libgcc.a(_ge_sf.o)
 .debug_info    0x000026e2      0x27f d:/imt_avr/tools/01- imt sdk-20230713t230121z-001/01- imt sdk/imt_sdk_win_64/winavr/bin/../lib/gcc/avr/4.3.3/avr5\libgcc.a(_lt_sf.o)
 .debug_info    0x00002961      0x2b0 d:/imt_avr/tools/01- imt sdk-20230713t230121z-001/01- imt sdk/imt_sdk_win_64/winavr/bin/../lib/gcc/avr/4.3.3/avr5\libgcc.a(_sf_to_si.o)
 .debug_info    0x00002c11      0x12c d:/imt_avr/tools/01- imt sdk-20230713t230121z-001/01- imt sdk/imt_sdk_win_64/winavr/bin/../lib/gcc/avr/4.3.3/avr5\libgcc.a(_thenan_sf.o)
 .debug_info    0x00002d3d      0x2df d:/imt_avr/tools/01- imt sdk-20230713t230121z-001/01- imt sdk/imt_sdk_win_64/winavr/bin/../lib/gcc/avr/4.3.3/avr5\libgcc.a(_pack_sf.o)
 .debug_info    0x0000301c      0x251 d:/imt_avr/tools/01- imt sdk-20230713t230121z-001/01- imt sdk/imt_sdk_win_64/winavr/bin/../lib/gcc/avr/4.3.3/avr5\libgcc.a(_unpack_sf.o)
 .debug_info    0x0000326d      0x210 d:/imt_avr/tools/01- imt sdk-20230713t230121z-001/01- imt sdk/imt_sdk_win_64/winavr/bin/../lib/gcc/avr/4.3.3/avr5\libgcc.a(_fpcmp_parts_sf.o)
 *(.gnu.linkonce.wi.*)

.debug_abbrev   0x00000000     0x168e
 *(.debug_abbrev)
 .debug_abbrev  0x00000000        0x1 ./.metadata/.plugins/org.eclipse.cdt.make.core/specs.o
 .debug_abbrev  0x00000001      0x113 ./App.o
 .debug_abbrev  0x00000114       0xb2 ./DIO.o
 .debug_abbrev  0x000001c6       0x8d ./FLAME.o
 .debug_abbrev  0x00000253      0x188 ./KEYPAD.o
 .debug_abbrev  0x000003db       0x76 ./KEYPAD_cfg.o
 .debug_abbrev  0x00000451      0x170 ./LCD.o
 .debug_abbrev  0x000005c1       0x8b ./LCD_cfg.o
 .debug_abbrev  0x0000064c       0x84 ./RAIN_SENSOR.o
 .debug_abbrev  0x000006d0       0xd3 ./SERVO.o
 .debug_abbrev  0x000007a3       0x5d d:/imt_avr/tools/01- imt sdk-20230713t230121z-001/01- imt sdk/imt_sdk_win_64/winavr/bin/../lib/gcc/avr/4.3.3/avr5\libgcc.a(_fixunssfsi.o)
 .debug_abbrev  0x00000800      0x1ea d:/imt_avr/tools/01- imt sdk-20230713t230121z-001/01- imt sdk/imt_sdk_win_64/winavr/bin/../lib/gcc/avr/4.3.3/avr5\libgcc.a(_addsub_sf.o)
 .debug_abbrev  0x000009ea      0x21b d:/imt_avr/tools/01- imt sdk-20230713t230121z-001/01- imt sdk/imt_sdk_win_64/winavr/bin/../lib/gcc/avr/4.3.3/avr5\libgcc.a(_mul_sf.o)
 .debug_abbrev  0x00000c05      0x15a d:/imt_avr/tools/01- imt sdk-20230713t230121z-001/01- imt sdk/imt_sdk_win_64/winavr/bin/../lib/gcc/avr/4.3.3/avr5\libgcc.a(_gt_sf.o)
 .debug_abbrev  0x00000d5f      0x15a d:/imt_avr/tools/01- imt sdk-20230713t230121z-001/01- imt sdk/imt_sdk_win_64/winavr/bin/../lib/gcc/avr/4.3.3/avr5\libgcc.a(_ge_sf.o)
 .debug_abbrev  0x00000eb9      0x15a d:/imt_avr/tools/01- imt sdk-20230713t230121z-001/01- imt sdk/imt_sdk_win_64/winavr/bin/../lib/gcc/avr/4.3.3/avr5\libgcc.a(_lt_sf.o)
 .debug_abbrev  0x00001013      0x17f d:/imt_avr/tools/01- imt sdk-20230713t230121z-001/01- imt sdk/imt_sdk_win_64/winavr/bin/../lib/gcc/avr/4.3.3/avr5\libgcc.a(_sf_to_si.o)
 .debug_abbrev  0x00001192       0xad d:/imt_avr/tools/01- imt sdk-20230713t230121z-001/01- imt sdk/imt_sdk_win_64/winavr/bin/../lib/gcc/avr/4.3.3/avr5\libgcc.a(_thenan_sf.o)
 .debug_abbrev  0x0000123f      0x1c0 d:/imt_avr/tools/01- imt sdk-20230713t230121z-001/01- imt sdk/imt_sdk_win_64/winavr/bin/../lib/gcc/avr/4.3.3/avr5\libgcc.a(_pack_sf.o)
 .debug_abbrev  0x000013ff      0x154 d:/imt_avr/tools/01- imt sdk-20230713t230121z-001/01- imt sdk/imt_sdk_win_64/winavr/bin/../lib/gcc/avr/4.3.3/avr5\libgcc.a(_unpack_sf.o)
 .debug_abbrev  0x00001553      0x13b d:/imt_avr/tools/01- imt sdk-20230713t230121z-001/01- imt sdk/imt_sdk_win_64/winavr/bin/../lib/gcc/avr/4.3.3/avr5\libgcc.a(_fpcmp_parts_sf.o)

.debug_line     0x00000000     0x2aa4
 *(.debug_line)
 .debug_line    0x00000000       0x5f ./.metadata/.plugins/org.eclipse.cdt.make.core/specs.o
 .debug_line    0x0000005f      0x5d8 ./App.o
 .debug_line    0x00000637      0x2e5 ./DIO.o
 .debug_line    0x0000091c       0xb1 ./FLAME.o
 .debug_line    0x000009cd      0x425 ./KEYPAD.o
 .debug_line    0x00000df2       0x81 ./KEYPAD_cfg.o
 .debug_line    0x00000e73      0x915 ./LCD.o
 .debug_line    0x00001788       0x78 ./LCD_cfg.o
 .debug_line    0x00001800       0xbd ./RAIN_SENSOR.o
 .debug_line    0x000018bd      0x43a ./SERVO.o
 .debug_line    0x00001cf7       0xa7 d:/imt_avr/tools/01- imt sdk-20230713t230121z-001/01- imt sdk/imt_sdk_win_64/winavr/bin/../lib/gcc/avr/4.3.3/avr5\libgcc.a(_fixunssfsi.o)
 .debug_line    0x00001d9e      0x2af d:/imt_avr/tools/01- imt sdk-20230713t230121z-001/01- imt sdk/imt_sdk_win_64/winavr/bin/../lib/gcc/avr/4.3.3/avr5\libgcc.a(_addsub_sf.o)
 .debug_line    0x0000204d      0x239 d:/imt_avr/tools/01- imt sdk-20230713t230121z-001/01- imt sdk/imt_sdk_win_64/winavr/bin/../lib/gcc/avr/4.3.3/avr5\libgcc.a(_mul_sf.o)
 .debug_line    0x00002286       0xd3 d:/imt_avr/tools/01- imt sdk-20230713t230121z-001/01- imt sdk/imt_sdk_win_64/winavr/bin/../lib/gcc/avr/4.3.3/avr5\libgcc.a(_gt_sf.o)
 .debug_line    0x00002359       0xd3 d:/imt_avr/tools/01- imt sdk-20230713t230121z-001/01- imt sdk/imt_sdk_win_64/winavr/bin/../lib/gcc/avr/4.3.3/avr5\libgcc.a(_ge_sf.o)
 .debug_line    0x0000242c       0xd3 d:/imt_avr/tools/01- imt sdk-20230713t230121z-001/01- imt sdk/imt_sdk_win_64/winavr/bin/../lib/gcc/avr/4.3.3/avr5\libgcc.a(_lt_sf.o)
 .debug_line    0x000024ff      0x109 d:/imt_avr/tools/01- imt sdk-20230713t230121z-001/01- imt sdk/imt_sdk_win_64/winavr/bin/../lib/gcc/avr/4.3.3/avr5\libgcc.a(_sf_to_si.o)
 .debug_line    0x00002608       0x90 d:/imt_avr/tools/01- imt sdk-20230713t230121z-001/01- imt sdk/imt_sdk_win_64/winavr/bin/../lib/gcc/avr/4.3.3/avr5\libgcc.a(_thenan_sf.o)
 .debug_line    0x00002698      0x18a d:/imt_avr/tools/01- imt sdk-20230713t230121z-001/01- imt sdk/imt_sdk_win_64/winavr/bin/../lib/gcc/avr/4.3.3/avr5\libgcc.a(_pack_sf.o)
 .debug_line    0x00002822      0x14b d:/imt_avr/tools/01- imt sdk-20230713t230121z-001/01- imt sdk/imt_sdk_win_64/winavr/bin/../lib/gcc/avr/4.3.3/avr5\libgcc.a(_unpack_sf.o)
 .debug_line    0x0000296d      0x137 d:/imt_avr/tools/01- imt sdk-20230713t230121z-001/01- imt sdk/imt_sdk_win_64/winavr/bin/../lib/gcc/avr/4.3.3/avr5\libgcc.a(_fpcmp_parts_sf.o)

.debug_frame    0x00000000      0x340
 *(.debug_frame)
 .debug_frame   0x00000000       0x20 ./App.o
 .debug_frame   0x00000020       0x60 ./DIO.o
 .debug_frame   0x00000080       0x20 ./FLAME.o
 .debug_frame   0x000000a0       0x60 ./KEYPAD.o
 .debug_frame   0x00000100       0x80 ./LCD.o
 .debug_frame   0x00000180       0x20 ./RAIN_SENSOR.o
 .debug_frame   0x000001a0       0x40 ./SERVO.o
 .debug_frame   0x000001e0       0x20 d:/imt_avr/tools/01- imt sdk-20230713t230121z-001/01- imt sdk/imt_sdk_win_64/winavr/bin/../lib/gcc/avr/4.3.3/avr5\libgcc.a(_fixunssfsi.o)
 .debug_frame   0x00000200       0x40 d:/imt_avr/tools/01- imt sdk-20230713t230121z-001/01- imt sdk/imt_sdk_win_64/winavr/bin/../lib/gcc/avr/4.3.3/avr5\libgcc.a(_addsub_sf.o)
 .debug_frame   0x00000240       0x20 d:/imt_avr/tools/01- imt sdk-20230713t230121z-001/01- imt sdk/imt_sdk_win_64/winavr/bin/../lib/gcc/avr/4.3.3/avr5\libgcc.a(_mul_sf.o)
 .debug_frame   0x00000260       0x20 d:/imt_avr/tools/01- imt sdk-20230713t230121z-001/01- imt sdk/imt_sdk_win_64/winavr/bin/../lib/gcc/avr/4.3.3/avr5\libgcc.a(_gt_sf.o)
 .debug_frame   0x00000280       0x20 d:/imt_avr/tools/01- imt sdk-20230713t230121z-001/01- imt sdk/imt_sdk_win_64/winavr/bin/../lib/gcc/avr/4.3.3/avr5\libgcc.a(_ge_sf.o)
 .debug_frame   0x000002a0       0x20 d:/imt_avr/tools/01- imt sdk-20230713t230121z-001/01- imt sdk/imt_sdk_win_64/winavr/bin/../lib/gcc/avr/4.3.3/avr5\libgcc.a(_lt_sf.o)
 .debug_frame   0x000002c0       0x20 d:/imt_avr/tools/01- imt sdk-20230713t230121z-001/01- imt sdk/imt_sdk_win_64/winavr/bin/../lib/gcc/avr/4.3.3/avr5\libgcc.a(_sf_to_si.o)
 .debug_frame   0x000002e0       0x20 d:/imt_avr/tools/01- imt sdk-20230713t230121z-001/01- imt sdk/imt_sdk_win_64/winavr/bin/../lib/gcc/avr/4.3.3/avr5\libgcc.a(_pack_sf.o)
 .debug_frame   0x00000300       0x20 d:/imt_avr/tools/01- imt sdk-20230713t230121z-001/01- imt sdk/imt_sdk_win_64/winavr/bin/../lib/gcc/avr/4.3.3/avr5\libgcc.a(_unpack_sf.o)
 .debug_frame   0x00000320       0x20 d:/imt_avr/tools/01- imt sdk-20230713t230121z-001/01- imt sdk/imt_sdk_win_64/winavr/bin/../lib/gcc/avr/4.3.3/avr5\libgcc.a(_fpcmp_parts_sf.o)

.debug_str      0x00000000      0x85d
 *(.debug_str)
 .debug_str     0x00000000      0x15d ./App.o
                                0x197 (size before relaxing)
 .debug_str     0x0000015d       0xf2 ./DIO.o
                                0x181 (size before relaxing)
 .debug_str     0x0000024f       0x46 ./FLAME.o
                                 0xf2 (size before relaxing)
 .debug_str     0x00000295      0x14f ./KEYPAD.o
                                0x283 (size before relaxing)
 .debug_str     0x000003e4       0x10 ./KEYPAD_cfg.o
                                 0xfc (size before relaxing)
 .debug_str     0x000003f4      0x1bb ./LCD.o
                                0x2e2 (size before relaxing)
 .debug_str     0x000005af        0xd ./LCD_cfg.o
                                0x176 (size before relaxing)
 .debug_str     0x000005bc       0x34 ./RAIN_SENSOR.o
                                 0xe9 (size before relaxing)
 .debug_str     0x000005f0       0x29 ./SERVO.o
                                 0xfd (size before relaxing)
 .debug_str     0x00000619       0x80 d:/imt_avr/tools/01- imt sdk-20230713t230121z-001/01- imt sdk/imt_sdk_win_64/winavr/bin/../lib/gcc/avr/4.3.3/avr5\libgcc.a(_fixunssfsi.o)
                                 0xfe (size before relaxing)
 .debug_str     0x00000699      0x143 d:/imt_avr/tools/01- imt sdk-20230713t230121z-001/01- imt sdk/imt_sdk_win_64/winavr/bin/../lib/gcc/avr/4.3.3/avr5\libgcc.a(_addsub_sf.o)
                                0x206 (size before relaxing)
 .debug_str     0x000007dc       0x27 d:/imt_avr/tools/01- imt sdk-20230713t230121z-001/01- imt sdk/imt_sdk_win_64/winavr/bin/../lib/gcc/avr/4.3.3/avr5\libgcc.a(_mul_sf.o)
                                0x1bf (size before relaxing)
 .debug_str     0x00000803        0xf d:/imt_avr/tools/01- imt sdk-20230713t230121z-001/01- imt sdk/imt_sdk_win_64/winavr/bin/../lib/gcc/avr/4.3.3/avr5\libgcc.a(_gt_sf.o)
                                0x195 (size before relaxing)
 .debug_str     0x00000812        0x8 d:/imt_avr/tools/01- imt sdk-20230713t230121z-001/01- imt sdk/imt_sdk_win_64/winavr/bin/../lib/gcc/avr/4.3.3/avr5\libgcc.a(_ge_sf.o)
                                0x195 (size before relaxing)
 .debug_str     0x0000081a        0x8 d:/imt_avr/tools/01- imt sdk-20230713t230121z-001/01- imt sdk/imt_sdk_win_64/winavr/bin/../lib/gcc/avr/4.3.3/avr5\libgcc.a(_lt_sf.o)
                                0x195 (size before relaxing)
 .debug_str     0x00000822        0xa d:/imt_avr/tools/01- imt sdk-20230713t230121z-001/01- imt sdk/imt_sdk_win_64/winavr/bin/../lib/gcc/avr/4.3.3/avr5\libgcc.a(_sf_to_si.o)
                                0x19e (size before relaxing)
 .debug_str     0x00000000      0x103 d:/imt_avr/tools/01- imt sdk-20230713t230121z-001/01- imt sdk/imt_sdk_win_64/winavr/bin/../lib/gcc/avr/4.3.3/avr5\libgcc.a(_thenan_sf.o)
 .debug_str     0x0000082c       0x16 d:/imt_avr/tools/01- imt sdk-20230713t230121z-001/01- imt sdk/imt_sdk_win_64/winavr/bin/../lib/gcc/avr/4.3.3/avr5\libgcc.a(_pack_sf.o)
                                0x19d (size before relaxing)
 .debug_str     0x00000842        0xb d:/imt_avr/tools/01- imt sdk-20230713t230121z-001/01- imt sdk/imt_sdk_win_64/winavr/bin/../lib/gcc/avr/4.3.3/avr5\libgcc.a(_unpack_sf.o)
                                0x17f (size before relaxing)
 .debug_str     0x0000084d       0x10 d:/imt_avr/tools/01- imt sdk-20230713t230121z-001/01- imt sdk/imt_sdk_win_64/winavr/bin/../lib/gcc/avr/4.3.3/avr5\libgcc.a(_fpcmp_parts_sf.o)
                                0x163 (size before relaxing)

.debug_loc      0x00000000      0x7ce
 *(.debug_loc)
 .debug_loc     0x00000000       0x34 d:/imt_avr/tools/01- imt sdk-20230713t230121z-001/01- imt sdk/imt_sdk_win_64/winavr/bin/../lib/gcc/avr/4.3.3/avr5\libgcc.a(_fixunssfsi.o)
 .debug_loc     0x00000034      0x32a d:/imt_avr/tools/01- imt sdk-20230713t230121z-001/01- imt sdk/imt_sdk_win_64/winavr/bin/../lib/gcc/avr/4.3.3/avr5\libgcc.a(_addsub_sf.o)
 .debug_loc     0x0000035e      0x104 d:/imt_avr/tools/01- imt sdk-20230713t230121z-001/01- imt sdk/imt_sdk_win_64/winavr/bin/../lib/gcc/avr/4.3.3/avr5\libgcc.a(_mul_sf.o)
 .debug_loc     0x00000462       0x3c d:/imt_avr/tools/01- imt sdk-20230713t230121z-001/01- imt sdk/imt_sdk_win_64/winavr/bin/../lib/gcc/avr/4.3.3/avr5\libgcc.a(_gt_sf.o)
 .debug_loc     0x0000049e       0x3c d:/imt_avr/tools/01- imt sdk-20230713t230121z-001/01- imt sdk/imt_sdk_win_64/winavr/bin/../lib/gcc/avr/4.3.3/avr5\libgcc.a(_ge_sf.o)
 .debug_loc     0x000004da       0x3c d:/imt_avr/tools/01- imt sdk-20230713t230121z-001/01- imt sdk/imt_sdk_win_64/winavr/bin/../lib/gcc/avr/4.3.3/avr5\libgcc.a(_lt_sf.o)
 .debug_loc     0x00000516       0x7e d:/imt_avr/tools/01- imt sdk-20230713t230121z-001/01- imt sdk/imt_sdk_win_64/winavr/bin/../lib/gcc/avr/4.3.3/avr5\libgcc.a(_sf_to_si.o)
 .debug_loc     0x00000594      0x13e d:/imt_avr/tools/01- imt sdk-20230713t230121z-001/01- imt sdk/imt_sdk_win_64/winavr/bin/../lib/gcc/avr/4.3.3/avr5\libgcc.a(_pack_sf.o)
 .debug_loc     0x000006d2       0xac d:/imt_avr/tools/01- imt sdk-20230713t230121z-001/01- imt sdk/imt_sdk_win_64/winavr/bin/../lib/gcc/avr/4.3.3/avr5\libgcc.a(_unpack_sf.o)
 .debug_loc     0x0000077e       0x50 d:/imt_avr/tools/01- imt sdk-20230713t230121z-001/01- imt sdk/imt_sdk_win_64/winavr/bin/../lib/gcc/avr/4.3.3/avr5\libgcc.a(_fpcmp_parts_sf.o)

.debug_macinfo  0x00000000     0xbf3f
 *(.debug_macinfo)
 .debug_macinfo
                0x00000000      0xbb0 ./.metadata/.plugins/org.eclipse.cdt.make.core/specs.o
 .debug_macinfo
                0x00000bb0     0x1cfa ./App.o
 .debug_macinfo
                0x000028aa     0x1205 ./DIO.o
 .debug_macinfo
                0x00003aaf      0xbf3 ./FLAME.o
 .debug_macinfo
                0x000046a2     0x1b3d ./KEYPAD.o
 .debug_macinfo
                0x000061df      0xc45 ./KEYPAD_cfg.o
 .debug_macinfo
                0x00006e24     0x1df9 ./LCD.o
 .debug_macinfo
                0x00008c1d      0xd36 ./LCD_cfg.o
 .debug_macinfo
                0x00009953      0xc14 ./RAIN_SENSOR.o
 .debug_macinfo
                0x0000a567     0x19d8 ./SERVO.o
OUTPUT(TEST.elf elf32-avr)
LOAD linker stubs

.debug_ranges   0x00000000      0x178
 .debug_ranges  0x00000000       0x18 ./App.o
 .debug_ranges  0x00000018       0x38 ./DIO.o
 .debug_ranges  0x00000050       0x18 ./FLAME.o
 .debug_ranges  0x00000068       0x38 ./KEYPAD.o
 .debug_ranges  0x000000a0       0x48 ./LCD.o
 .debug_ranges  0x000000e8       0x18 ./RAIN_SENSOR.o
 .debug_ranges  0x00000100       0x28 ./SERVO.o
 .debug_ranges  0x00000128       0x50 d:/imt_avr/tools/01- imt sdk-20230713t230121z-001/01- imt sdk/imt_sdk_win_64/winavr/bin/../lib/gcc/avr/4.3.3/avr5\libgcc.a(_mul_sf.o)
