Archive member included because of file (symbol)

d:/imt/tools/01- imt sdk-20230713t230121z-001/01- imt sdk/imt_sdk_win_64/winavr/bin/../lib/gcc/avr/4.3.3/avr5\libgcc.a(_udivmodhi4.o)
                              ./LCD.o (__udivmodhi4)
d:/imt/tools/01- imt sdk-20230713t230121z-001/01- imt sdk/imt_sdk_win_64/winavr/bin/../lib/gcc/avr/4.3.3/avr5\libgcc.a(_exit.o)
                              d:/imt/tools/01- imt sdk-20230713t230121z-001/01- imt sdk/imt_sdk_win_64/winavr/bin/../lib/gcc/avr/4.3.3/../../../../avr/lib/avr5/crtm32.o (exit)
d:/imt/tools/01- imt sdk-20230713t230121z-001/01- imt sdk/imt_sdk_win_64/winavr/bin/../lib/gcc/avr/4.3.3/avr5\libgcc.a(_copy_data.o)
                              ./App.o (__do_copy_data)
d:/imt/tools/01- imt sdk-20230713t230121z-001/01- imt sdk/imt_sdk_win_64/winavr/bin/../lib/gcc/avr/4.3.3/avr5\libgcc.a(_clear_bss.o)
                              ./App.o (__do_clear_bss)

Allocating common symbols
Common symbol       size              file

PASSWORD            0x4               ./App.o
rain_logic          0x1               ./App.o
i                   0x1               ./App.o
flame_logic         0x1               ./App.o

Memory Configuration

Name             Origin             Length             Attributes
text             0x00000000         0x00020000         xr
data             0x00800060         0x0000ffa0         rw !x
eeprom           0x00810000         0x00010000         rw !x
fuse             0x00820000         0x00000400         rw !x
lock             0x00830000         0x00000400         rw !x
signature        0x00840000         0x00000400         rw !x
*default*        0x00000000         0xffffffff

Linker script and memory map

LOAD d:/imt/tools/01- imt sdk-20230713t230121z-001/01- imt sdk/imt_sdk_win_64/winavr/bin/../lib/gcc/avr/4.3.3/../../../../avr/lib/avr5/crtm32.o
LOAD ./.metadata/.plugins/org.eclipse.cdt.make.core/specs.o
LOAD ./App.o
LOAD ./DIO.o
LOAD ./FLAME.o
LOAD ./KEYPAD.o
LOAD ./KEYPAD_cfg.o
LOAD ./LCD.o
LOAD ./LCD_cfg.o
LOAD ./RAIN_SENSOR.o
LOAD ./SERVO.o
LOAD d:/imt/tools/01- imt sdk-20230713t230121z-001/01- imt sdk/imt_sdk_win_64/winavr/bin/../lib/gcc/avr/4.3.3/avr5\libgcc.a
LOAD d:/imt/tools/01- imt sdk-20230713t230121z-001/01- imt sdk/imt_sdk_win_64/winavr/bin/../lib/gcc/avr/4.3.3/../../../../avr/lib/avr5\libc.a
LOAD d:/imt/tools/01- imt sdk-20230713t230121z-001/01- imt sdk/imt_sdk_win_64/winavr/bin/../lib/gcc/avr/4.3.3/avr5\libgcc.a

.hash
 *(.hash)

.dynsym
 *(.dynsym)

.dynstr
 *(.dynstr)

.gnu.version
 *(.gnu.version)

.gnu.version_d
 *(.gnu.version_d)

.gnu.version_r
 *(.gnu.version_r)

.rel.init
 *(.rel.init)

.rela.init
 *(.rela.init)

.rel.text
 *(.rel.text)
 *(.rel.text.*)
 *(.rel.gnu.linkonce.t*)

.rela.text
 *(.rela.text)
 *(.rela.text.*)
 *(.rela.gnu.linkonce.t*)

.rel.fini
 *(.rel.fini)

.rela.fini
 *(.rela.fini)

.rel.rodata
 *(.rel.rodata)
 *(.rel.rodata.*)
 *(.rel.gnu.linkonce.r*)

.rela.rodata
 *(.rela.rodata)
 *(.rela.rodata.*)
 *(.rela.gnu.linkonce.r*)

.rel.data
 *(.rel.data)
 *(.rel.data.*)
 *(.rel.gnu.linkonce.d*)

.rela.data
 *(.rela.data)
 *(.rela.data.*)
 *(.rela.gnu.linkonce.d*)

.rel.ctors
 *(.rel.ctors)

.rela.ctors
 *(.rela.ctors)

.rel.dtors
 *(.rel.dtors)

.rela.dtors
 *(.rela.dtors)

.rel.got
 *(.rel.got)

.rela.got
 *(.rela.got)

.rel.bss
 *(.rel.bss)

.rela.bss
 *(.rela.bss)

.rel.plt
 *(.rel.plt)

.rela.plt
 *(.rela.plt)

.text           0x00000000      0xcf8
 *(.vectors)
 .vectors       0x00000000       0x54 d:/imt/tools/01- imt sdk-20230713t230121z-001/01- imt sdk/imt_sdk_win_64/winavr/bin/../lib/gcc/avr/4.3.3/../../../../avr/lib/avr5/crtm32.o
                0x00000000                __vectors
                0x00000000                __vector_default
 *(.vectors)
 *(.progmem.gcc*)
 *(.progmem*)
                0x00000054                . = ALIGN (0x2)
                0x00000054                __trampolines_start = .
 *(.trampolines)
 .trampolines   0x00000054        0x0 linker stubs
 *(.trampolines*)
                0x00000054                __trampolines_end = .
 *(.jumptables)
 *(.jumptables*)
 *(.lowtext)
 *(.lowtext*)
                0x00000054                __ctors_start = .
 *(.ctors)
                0x00000054                __ctors_end = .
                0x00000054                __dtors_start = .
 *(.dtors)
                0x00000054                __dtors_end = .
 SORT(*)(.ctors)
 SORT(*)(.dtors)
 *(.init0)
 .init0         0x00000054        0x0 d:/imt/tools/01- imt sdk-20230713t230121z-001/01- imt sdk/imt_sdk_win_64/winavr/bin/../lib/gcc/avr/4.3.3/../../../../avr/lib/avr5/crtm32.o
                0x00000054                __init
 *(.init0)
 *(.init1)
 *(.init1)
 *(.init2)
 .init2         0x00000054        0xc d:/imt/tools/01- imt sdk-20230713t230121z-001/01- imt sdk/imt_sdk_win_64/winavr/bin/../lib/gcc/avr/4.3.3/../../../../avr/lib/avr5/crtm32.o
 *(.init2)
 *(.init3)
 *(.init3)
 *(.init4)
 .init4         0x00000060       0x16 d:/imt/tools/01- imt sdk-20230713t230121z-001/01- imt sdk/imt_sdk_win_64/winavr/bin/../lib/gcc/avr/4.3.3/avr5\libgcc.a(_copy_data.o)
                0x00000060                __do_copy_data
 .init4         0x00000076       0x10 d:/imt/tools/01- imt sdk-20230713t230121z-001/01- imt sdk/imt_sdk_win_64/winavr/bin/../lib/gcc/avr/4.3.3/avr5\libgcc.a(_clear_bss.o)
                0x00000076                __do_clear_bss
 *(.init4)
 *(.init5)
 *(.init5)
 *(.init6)
 *(.init6)
 *(.init7)
 *(.init7)
 *(.init8)
 *(.init8)
 *(.init9)
 .init9         0x00000086        0x8 d:/imt/tools/01- imt sdk-20230713t230121z-001/01- imt sdk/imt_sdk_win_64/winavr/bin/../lib/gcc/avr/4.3.3/../../../../avr/lib/avr5/crtm32.o
 *(.init9)
 *(.text)
 .text          0x0000008e        0x4 d:/imt/tools/01- imt sdk-20230713t230121z-001/01- imt sdk/imt_sdk_win_64/winavr/bin/../lib/gcc/avr/4.3.3/../../../../avr/lib/avr5/crtm32.o
                0x0000008e                __vector_1
                0x0000008e                __vector_12
                0x0000008e                __bad_interrupt
                0x0000008e                __vector_6
                0x0000008e                __vector_3
                0x0000008e                __vector_11
                0x0000008e                __vector_13
                0x0000008e                __vector_17
                0x0000008e                __vector_19
                0x0000008e                __vector_7
                0x0000008e                __vector_5
                0x0000008e                __vector_4
                0x0000008e                __vector_9
                0x0000008e                __vector_2
                0x0000008e                __vector_15
                0x0000008e                __vector_8
                0x0000008e                __vector_14
                0x0000008e                __vector_10
                0x0000008e                __vector_16
                0x0000008e                __vector_18
                0x0000008e                __vector_20
 .text          0x00000092        0x0 ./.metadata/.plugins/org.eclipse.cdt.make.core/specs.o
 .text          0x00000092        0x0 ./App.o
 .text          0x00000092        0x0 ./DIO.o
 .text          0x00000092        0x0 ./FLAME.o
 .text          0x00000092        0x0 ./KEYPAD.o
 .text          0x00000092        0x0 ./KEYPAD_cfg.o
 .text          0x00000092        0x0 ./LCD.o
 .text          0x00000092        0x0 ./LCD_cfg.o
 .text          0x00000092        0x0 ./RAIN_SENSOR.o
 .text          0x00000092        0x0 ./SERVO.o
 .text          0x00000092        0x0 d:/imt/tools/01- imt sdk-20230713t230121z-001/01- imt sdk/imt_sdk_win_64/winavr/bin/../lib/gcc/avr/4.3.3/avr5\libgcc.a(_udivmodhi4.o)
 .text          0x00000092        0x0 d:/imt/tools/01- imt sdk-20230713t230121z-001/01- imt sdk/imt_sdk_win_64/winavr/bin/../lib/gcc/avr/4.3.3/avr5\libgcc.a(_exit.o)
 .text          0x00000092        0x0 d:/imt/tools/01- imt sdk-20230713t230121z-001/01- imt sdk/imt_sdk_win_64/winavr/bin/../lib/gcc/avr/4.3.3/avr5\libgcc.a(_copy_data.o)
 .text          0x00000092        0x0 d:/imt/tools/01- imt sdk-20230713t230121z-001/01- imt sdk/imt_sdk_win_64/winavr/bin/../lib/gcc/avr/4.3.3/avr5\libgcc.a(_clear_bss.o)
                0x00000092                . = ALIGN (0x2)
 *(.text.*)
 .text.main     0x00000092      0x322 ./App.o
                0x00000092                main
 .text.DIO_vidInit
                0x000003b4       0x12 ./DIO.o
                0x000003b4                DIO_vidInit
 .text.DIO_enuSetPinDir
                0x000003c6       0xee ./DIO.o
                0x000003c6                DIO_enuSetPinDir
 .text.DIO_enuSetPinValue
                0x000004b4      0x10c ./DIO.o
                0x000004b4                DIO_enuSetPinValue
 .text.DIO_enuReadPinValue
                0x000005c0       0x72 ./DIO.o
                0x000005c0                DIO_enuReadPinValue
 .text.DIO_enuSetPinPullUp
                0x00000632        0x6 ./DIO.o
                0x00000632                DIO_enuSetPinPullUp
 .text.flame_read
                0x00000638       0x3c ./FLAME.o
                0x00000638                flame_read
 .text.KEYPAD_enuGetPressedKey
                0x00000674      0x152 ./KEYPAD.o
                0x00000674                KEYPAD_enuGetPressedKey
 .text.KEYPAD_vidInit
                0x000007c6       0x24 ./KEYPAD.o
                0x000007c6                KEYPAD_vidInit
 .text.Pow      0x000007ea       0x26 ./LCD.o
                0x000007ea                Pow
 .text.PutOnBus
                0x00000810      0x168 ./LCD.o
 .text.LCD_vidWriteData
                0x00000978       0x36 ./LCD.o
                0x00000978                LCD_vidWriteData
 .text.LCD_vidWriteString
                0x000009ae       0x2e ./LCD.o
                0x000009ae                LCD_vidWriteString
 .text.LCD_vidWriteDecimal
                0x000009dc       0xac ./LCD.o
                0x000009dc                LCD_vidWriteDecimal
 .text.LCD_vidSendCmd
                0x00000a88       0x36 ./LCD.o
                0x00000a88                LCD_vidSendCmd
 .text.LCD_vidInit
                0x00000abe      0x154 ./LCD.o
                0x00000abe                LCD_vidInit
 .text.rain_read
                0x00000c12       0x3c ./RAIN_SENSOR.o
                0x00000c12                rain_read
 .text.servo_OFF
                0x00000c4e       0x2a ./SERVO.o
                0x00000c4e                servo_OFF
 .text.servo_ON
                0x00000c78       0x2a ./SERVO.o
                0x00000c78                servo_ON
 .text.servo_init
                0x00000ca2       0x2a ./SERVO.o
                0x00000ca2                servo_init
 .text.libgcc   0x00000ccc       0x28 d:/imt/tools/01- imt sdk-20230713t230121z-001/01- imt sdk/imt_sdk_win_64/winavr/bin/../lib/gcc/avr/4.3.3/avr5\libgcc.a(_udivmodhi4.o)
                0x00000ccc                __udivmodhi4
 .text.libgcc   0x00000cf4        0x0 d:/imt/tools/01- imt sdk-20230713t230121z-001/01- imt sdk/imt_sdk_win_64/winavr/bin/../lib/gcc/avr/4.3.3/avr5\libgcc.a(_exit.o)
 .text.libgcc   0x00000cf4        0x0 d:/imt/tools/01- imt sdk-20230713t230121z-001/01- imt sdk/imt_sdk_win_64/winavr/bin/../lib/gcc/avr/4.3.3/avr5\libgcc.a(_copy_data.o)
 .text.libgcc   0x00000cf4        0x0 d:/imt/tools/01- imt sdk-20230713t230121z-001/01- imt sdk/imt_sdk_win_64/winavr/bin/../lib/gcc/avr/4.3.3/avr5\libgcc.a(_clear_bss.o)
                0x00000cf4                . = ALIGN (0x2)
 *(.fini9)
 .fini9         0x00000cf4        0x0 d:/imt/tools/01- imt sdk-20230713t230121z-001/01- imt sdk/imt_sdk_win_64/winavr/bin/../lib/gcc/avr/4.3.3/avr5\libgcc.a(_exit.o)
                0x00000cf4                exit
                0x00000cf4                _exit
 *(.fini9)
 *(.fini8)
 *(.fini8)
 *(.fini7)
 *(.fini7)
 *(.fini6)
 *(.fini6)
 *(.fini5)
 *(.fini5)
 *(.fini4)
 *(.fini4)
 *(.fini3)
 *(.fini3)
 *(.fini2)
 *(.fini2)
 *(.fini1)
 *(.fini1)
 *(.fini0)
 .fini0         0x00000cf4        0x4 d:/imt/tools/01- imt sdk-20230713t230121z-001/01- imt sdk/imt_sdk_win_64/winavr/bin/../lib/gcc/avr/4.3.3/avr5\libgcc.a(_exit.o)
 *(.fini0)
                0x00000cf8                _etext = .

.data           0x00800060       0xba load address 0x00000cf8
                0x00800060                PROVIDE (__data_start, .)
 *(.data)
 .data          0x00800060        0x0 d:/imt/tools/01- imt sdk-20230713t230121z-001/01- imt sdk/imt_sdk_win_64/winavr/bin/../lib/gcc/avr/4.3.3/../../../../avr/lib/avr5/crtm32.o
 .data          0x00800060        0x0 ./.metadata/.plugins/org.eclipse.cdt.make.core/specs.o
 .data          0x00800060       0x8d ./App.o
 .data          0x008000ed        0x0 ./DIO.o
 .data          0x008000ed        0x0 ./FLAME.o
 .data          0x008000ed        0x0 ./KEYPAD.o
 .data          0x008000ed        0x0 ./KEYPAD_cfg.o
 .data          0x008000ed        0x0 ./LCD.o
 .data          0x008000ed        0x0 ./LCD_cfg.o
 .data          0x008000ed        0x0 ./RAIN_SENSOR.o
 .data          0x008000ed        0x0 ./SERVO.o
 .data          0x008000ed        0x0 d:/imt/tools/01- imt sdk-20230713t230121z-001/01- imt sdk/imt_sdk_win_64/winavr/bin/../lib/gcc/avr/4.3.3/avr5\libgcc.a(_udivmodhi4.o)
 .data          0x008000ed        0x0 d:/imt/tools/01- imt sdk-20230713t230121z-001/01- imt sdk/imt_sdk_win_64/winavr/bin/../lib/gcc/avr/4.3.3/avr5\libgcc.a(_exit.o)
 .data          0x008000ed        0x0 d:/imt/tools/01- imt sdk-20230713t230121z-001/01- imt sdk/imt_sdk_win_64/winavr/bin/../lib/gcc/avr/4.3.3/avr5\libgcc.a(_copy_data.o)
 .data          0x008000ed        0x0 d:/imt/tools/01- imt sdk-20230713t230121z-001/01- imt sdk/imt_sdk_win_64/winavr/bin/../lib/gcc/avr/4.3.3/avr5\libgcc.a(_clear_bss.o)
 *(.data*)
 .data.Button   0x008000ed        0x1 ./App.o
                0x008000ed                Button
 .data.n        0x008000ee        0x1 ./App.o
                0x008000ee                n
 .data.PASSWORD_RESRVED
                0x008000ef        0x4 ./App.o
                0x008000ef                PASSWORD_RESRVED
 .data.KEYPAD_astrCfg
                0x008000f3       0x1a ./KEYPAD_cfg.o
                0x008000f3                KEYPAD_astrCfg
 .data.LCD_astrCfg
                0x0080010d        0xc ./LCD_cfg.o
                0x0080010d                LCD_astrCfg
 *(.rodata)
 *(.rodata*)
 *(.gnu.linkonce.d*)
                0x0080011a                . = ALIGN (0x2)
 *fill*         0x00800119        0x1 00
                0x0080011a                _edata = .
                0x0080011a                PROVIDE (__data_end, .)

.bss            0x0080011a        0xc
                0x0080011a                PROVIDE (__bss_start, .)
 *(.bss)
 .bss           0x0080011a        0x0 d:/imt/tools/01- imt sdk-20230713t230121z-001/01- imt sdk/imt_sdk_win_64/winavr/bin/../lib/gcc/avr/4.3.3/../../../../avr/lib/avr5/crtm32.o
 .bss           0x0080011a        0x0 ./.metadata/.plugins/org.eclipse.cdt.make.core/specs.o
 .bss           0x0080011a        0x0 ./App.o
 .bss           0x0080011a        0x0 ./DIO.o
 .bss           0x0080011a        0x0 ./FLAME.o
 .bss           0x0080011a        0x0 ./KEYPAD.o
 .bss           0x0080011a        0x0 ./KEYPAD_cfg.o
 .bss           0x0080011a        0x0 ./LCD.o
 .bss           0x0080011a        0x0 ./LCD_cfg.o
 .bss           0x0080011a        0x0 ./RAIN_SENSOR.o
 .bss           0x0080011a        0x0 ./SERVO.o
 .bss           0x0080011a        0x0 d:/imt/tools/01- imt sdk-20230713t230121z-001/01- imt sdk/imt_sdk_win_64/winavr/bin/../lib/gcc/avr/4.3.3/avr5\libgcc.a(_udivmodhi4.o)
 .bss           0x0080011a        0x0 d:/imt/tools/01- imt sdk-20230713t230121z-001/01- imt sdk/imt_sdk_win_64/winavr/bin/../lib/gcc/avr/4.3.3/avr5\libgcc.a(_exit.o)
 .bss           0x0080011a        0x0 d:/imt/tools/01- imt sdk-20230713t230121z-001/01- imt sdk/imt_sdk_win_64/winavr/bin/../lib/gcc/avr/4.3.3/avr5\libgcc.a(_copy_data.o)
 .bss           0x0080011a        0x0 d:/imt/tools/01- imt sdk-20230713t230121z-001/01- imt sdk/imt_sdk_win_64/winavr/bin/../lib/gcc/avr/4.3.3/avr5\libgcc.a(_clear_bss.o)
 *(.bss*)
 .bss.state     0x0080011a        0x1 ./App.o
                0x0080011a                state
 .bss.DIGIT     0x0080011b        0x1 ./App.o
                0x0080011b                DIGIT
 .bss.x         0x0080011c        0x1 ./App.o
                0x0080011c                x
 .bss.NUMBER_OF_WRONG_PASS
                0x0080011d        0x1 ./App.o
                0x0080011d                NUMBER_OF_WRONG_PASS
 .bss.InitFinshed
                0x0080011e        0x1 ./LCD.o
 *(COMMON)
 COMMON         0x0080011f        0x7 ./App.o
                0x0080011f                PASSWORD
                0x00800123                rain_logic
                0x00800124                i
                0x00800125                flame_logic
                0x00800126                PROVIDE (__bss_end, .)
                0x00000cf8                __data_load_start = LOADADDR (.data)
                0x00000db2                __data_load_end = (__data_load_start + SIZEOF (.data))

.noinit         0x00800126        0x0
                0x00800126                PROVIDE (__noinit_start, .)
 *(.noinit*)
                0x00800126                PROVIDE (__noinit_end, .)
                0x00800126                _end = .
                0x00800126                PROVIDE (__heap_start, .)

.eeprom         0x00810000        0x0
 *(.eeprom*)
                0x00810000                __eeprom_end = .

.fuse
 *(.fuse)
 *(.lfuse)
 *(.hfuse)
 *(.efuse)

.lock
 *(.lock*)

.signature
 *(.signature*)

.stab
 *(.stab)

.stabstr
 *(.stabstr)

.stab.excl
 *(.stab.excl)

.stab.exclstr
 *(.stab.exclstr)

.stab.index
 *(.stab.index)

.stab.indexstr
 *(.stab.indexstr)

.comment
 *(.comment)

.debug
 *(.debug)

.line
 *(.line)

.debug_srcinfo
 *(.debug_srcinfo)

.debug_sfnames
 *(.debug_sfnames)

.debug_aranges
 *(.debug_aranges)

.debug_pubnames
 *(.debug_pubnames)

.debug_info
 *(.debug_info)
 *(.gnu.linkonce.wi.*)

.debug_abbrev
 *(.debug_abbrev)

.debug_line
 *(.debug_line)

.debug_frame
 *(.debug_frame)

.debug_str
 *(.debug_str)

.debug_loc
 *(.debug_loc)

.debug_macinfo
 *(.debug_macinfo)
OUTPUT(TEST.elf elf32-avr)
LOAD linker stubs
